[
	{
		"Program Information" : 
		{
			"Developer" : "S.S. Papadopulos & Assoc. Inc.",
			"Title" : "mod-PATH3DU",
			"Version" : 
			{
				"Date" : "02/2024",
				"Number" : "2.1.8"
			}
		}
	},
	{
		"Timing" : 
		{
			"Elapsed" : 
			{
				"minutes" : 6.43275150e-002,
				"seconds" : 3.85965090e+000
			},
			"Finished" : "Wed Dec 18 09:15:20 2024\n",
			"Started" : "Wed Dec 18 09:15:16 2024\n"
		}
	},
	{
		"Flow Model" : 
		{
			"CBB file" : "cumb_v2.1b.cbc",
			"Cell-by-cell flow file" : 
			[
				{
					"File name" : "cumb_v2.1b.cbc",
					"Headers" : 
					[
						[             "TSTP",             "SPER",             "ITEM",             "NCOL",             "NROW",             "NLAY",            "IMETH",             "DELT",           "PERTIM",            "TOTIM" ],
						[                 10,                  1,           "STO-SS",              27771,                  1,                 -1,                  1,    1.47950359e-001,    1.00000000e+000,    1.00000000e+000 ],
						[                 10,                  1,           "STO-SY",              27771,                  1,                 -1,                  1,    1.47950359e-001,    1.00000000e+000,    1.00000000e+000 ],
						[                 10,                  1,     "FLOW-JA-FACE",             152732,                  1,                 -1,                  1,    1.47950359e-001,    1.00000000e+000,    1.00000000e+000 ],
						[                 10,                  1,              "DRN",              27771,                  1,                 -1,                  6,    1.47950359e-001,    1.00000000e+000,    1.00000000e+000 ],
						[                 10,                  1,              "RCH",              27771,                  1,                 -1,                  6,    1.47950359e-001,    1.00000000e+000,    1.00000000e+000 ],
						[                 10,                  1,              "SFR",              27771,                  1,                 -1,                  6,    1.47950359e-001,    1.00000000e+000,    1.00000000e+000 ],
						[                 10,                  1,              "LAK",              27771,                  1,                 -1,                  6,    1.47950359e-001,    1.00000000e+000,    1.00000000e+000 ],
						[                 10,                  2,           "STO-SS",              27771,                  1,                 -1,                  1,    4.43851077e+000,    3.00000000e+001,    3.10000000e+001 ],
						[                 10,                  2,           "STO-SY",              27771,                  1,                 -1,                  1,    4.43851077e+000,    3.00000000e+001,    3.10000000e+001 ],
						[                 10,                  2,     "FLOW-JA-FACE",             152732,                  1,                 -1,                  1,    4.43851077e+000,    3.00000000e+001,    3.10000000e+001 ],
						[                 10,                  2,              "DRN",              27771,                  1,                 -1,                  6,    4.43851077e+000,    3.00000000e+001,    3.10000000e+001 ],
						[                 10,                  2,              "RCH",              27771,                  1,                 -1,                  6,    4.43851077e+000,    3.00000000e+001,    3.10000000e+001 ],
						[                 10,                  2,              "SFR",              27771,                  1,                 -1,                  6,    4.43851077e+000,    3.00000000e+001,    3.10000000e+001 ],
						[                 10,                  2,              "LAK",              27771,                  1,                 -1,                  6,    4.43851077e+000,    3.00000000e+001,    3.10000000e+001 ],
						[                 10,                  3,           "STO-SS",              27771,                  1,                 -1,                  1,    4.43851077e+000,    3.00000000e+001,    6.10000000e+001 ],
						[                 10,                  3,           "STO-SY",              27771,                  1,                 -1,                  1,    4.43851077e+000,    3.00000000e+001,    6.10000000e+001 ],
						[                 10,                  3,     "FLOW-JA-FACE",             152732,                  1,                 -1,                  1,    4.43851077e+000,    3.00000000e+001,    6.10000000e+001 ],
						[                 10,                  3,              "DRN",              27771,                  1,                 -1,                  6,    4.43851077e+000,    3.00000000e+001,    6.10000000e+001 ],
						[                 10,                  3,              "RCH",              27771,                  1,                 -1,                  6,    4.43851077e+000,    3.00000000e+001,    6.10000000e+001 ],
						[                 10,                  3,              "SFR",              27771,                  1,                 -1,                  6,    4.43851077e+000,    3.00000000e+001,    6.10000000e+001 ],
						[                 10,                  3,              "LAK",              27771,                  1,                 -1,                  6,    4.43851077e+000,    3.00000000e+001,    6.10000000e+001 ],
						"... Skipped periods ...",
						[                 10,                 10,           "STO-SS",              27771,                  1,                 -1,                  1,    4.43851077e+000,    3.00000000e+001,    2.71000000e+002 ],
						[                 10,                 10,           "STO-SY",              27771,                  1,                 -1,                  1,    4.43851077e+000,    3.00000000e+001,    2.71000000e+002 ],
						[                 10,                 10,     "FLOW-JA-FACE",             152732,                  1,                 -1,                  1,    4.43851077e+000,    3.00000000e+001,    2.71000000e+002 ],
						[                 10,                 10,              "DRN",              27771,                  1,                 -1,                  6,    4.43851077e+000,    3.00000000e+001,    2.71000000e+002 ],
						[                 10,                 10,              "RCH",              27771,                  1,                 -1,                  6,    4.43851077e+000,    3.00000000e+001,    2.71000000e+002 ],
						[                 10,                 10,              "SFR",              27771,                  1,                 -1,                  6,    4.43851077e+000,    3.00000000e+001,    2.71000000e+002 ],
						[                 10,                 10,              "LAK",              27771,                  1,                 -1,                  6,    4.43851077e+000,    3.00000000e+001,    2.71000000e+002 ],
						[                 10,                 11,           "STO-SS",              27771,                  1,                 -1,                  1,    4.43851077e+000,    3.00000000e+001,    3.01000000e+002 ],
						[                 10,                 11,           "STO-SY",              27771,                  1,                 -1,                  1,    4.43851077e+000,    3.00000000e+001,    3.01000000e+002 ],
						[                 10,                 11,     "FLOW-JA-FACE",             152732,                  1,                 -1,                  1,    4.43851077e+000,    3.00000000e+001,    3.01000000e+002 ],
						[                 10,                 11,              "DRN",              27771,                  1,                 -1,                  6,    4.43851077e+000,    3.00000000e+001,    3.01000000e+002 ],
						[                 10,                 11,              "RCH",              27771,                  1,                 -1,                  6,    4.43851077e+000,    3.00000000e+001,    3.01000000e+002 ],
						[                 10,                 11,              "SFR",              27771,                  1,                 -1,                  6,    4.43851077e+000,    3.00000000e+001,    3.01000000e+002 ],
						[                 10,                 11,              "LAK",              27771,                  1,                 -1,                  6,    4.43851077e+000,    3.00000000e+001,    3.01000000e+002 ],
						[                 10,                 12,           "STO-SS",              27771,                  1,                 -1,                  1,    4.43851077e+000,    3.00000000e+001,    3.31000000e+002 ],
						[                 10,                 12,           "STO-SY",              27771,                  1,                 -1,                  1,    4.43851077e+000,    3.00000000e+001,    3.31000000e+002 ],
						[                 10,                 12,     "FLOW-JA-FACE",             152732,                  1,                 -1,                  1,    4.43851077e+000,    3.00000000e+001,    3.31000000e+002 ],
						[                 10,                 12,              "DRN",              27771,                  1,                 -1,                  6,    4.43851077e+000,    3.00000000e+001,    3.31000000e+002 ],
						[                 10,                 12,              "RCH",              27771,                  1,                 -1,                  6,    4.43851077e+000,    3.00000000e+001,    3.31000000e+002 ],
						[                 10,                 12,              "SFR",              27771,                  1,                 -1,                  6,    4.43851077e+000,    3.00000000e+001,    3.31000000e+002 ],
						[                 10,                 12,              "LAK",              27771,                  1,                 -1,                  6,    4.43851077e+000,    3.00000000e+001,    3.31000000e+002 ],
						[                 10,                 13,           "STO-SS",              27771,                  1,                 -1,                  1,    4.43851077e+000,    3.00000000e+001,    3.61000000e+002 ],
						[                 10,                 13,           "STO-SY",              27771,                  1,                 -1,                  1,    4.43851077e+000,    3.00000000e+001,    3.61000000e+002 ],
						[                 10,                 13,     "FLOW-JA-FACE",             152732,                  1,                 -1,                  1,    4.43851077e+000,    3.00000000e+001,    3.61000000e+002 ],
						[                 10,                 13,              "DRN",              27771,                  1,                 -1,                  6,    4.43851077e+000,    3.00000000e+001,    3.61000000e+002 ],
						[                 10,                 13,              "RCH",              27771,                  1,                 -1,                  6,    4.43851077e+000,    3.00000000e+001,    3.61000000e+002 ],
						[                 10,                 13,              "SFR",              27771,                  1,                 -1,                  6,    4.43851077e+000,    3.00000000e+001,    3.61000000e+002 ],
						[                 10,                 13,              "LAK",              27771,                  1,                 -1,                  6,    4.43851077e+000,    3.00000000e+001,    3.61000000e+002 ]
					],
					"Note(s)" : 
					[
						"Only the HEADERS for the first and last three stress-periods are logged here.",
						"If you would like to see all the headers, use the VERBOSE option on the commandline. See manual for details.",
						"Reading as DOUBLE precision."
					]
				}
			],
			"GRB file" : "cumb_v2.1b.disv.grb",
			"GSF" : 
			[
				{
					"NNODES" : 55813,
					"TYPE" : "mod-path3duv110"
				}
			],
			"GSF file" : "cumb_v2.1b.gsf",
			"Grid" : 
			{
				"Last node-number in layer" : [              27771 ],
				"Number of layers" : 1,
				"Number of nodes" : 27771,
				"Type" : "Unstructured"
			},
			"HDS file" : "cumb_v2.1b.hds",
			"Head-save file" : 
			{
				"File name" : "cumb_v2.1b.hds",
				"Headers" : 
				[
					[             "TSTP",             "SPER",           "PERTIM",            "TOTIM",             "ITEM",             "NCOL",             "NROW",             "ILAY" ],
					[                 10,                  1,    1.00000000e+000,    1.00000000e+000,             "HEAD",              27771,                  1,                  1 ],
					[                 10,                  2,    3.00000000e+001,    3.10000000e+001,             "HEAD",              27771,                  1,                  1 ],
					[                 10,                  3,    3.00000000e+001,    6.10000000e+001,             "HEAD",              27771,                  1,                  1 ],
					"... Skipped periods ...",
					[                 10,                 10,    3.00000000e+001,    2.71000000e+002,             "HEAD",              27771,                  1,                  1 ],
					[                 10,                 11,    3.00000000e+001,    3.01000000e+002,             "HEAD",              27771,                  1,                  1 ],
					[                 10,                 12,    3.00000000e+001,    3.31000000e+002,             "HEAD",              27771,                  1,                  1 ],
					[                 10,                 13,    3.00000000e+001,    3.61000000e+002,             "HEAD",              27771,                  1,                  1 ]
				],
				"Note(s)" : 
				[
					"Only the HEADERS for the first and last three stress-periods are logged here.",
					"If you would like to see all the headers, use the VERBOSE option on the commandline. See manual for details.",
					"Reading as DOUBLE precision."
				]
			},
			"Master Timing Info" : 
			{
				"Description" : 
				[
					"mod-PATH3DU will always loop through the stress-periods/timesteps defined in the DIS file, unless adaptive time stepping is used, in which case timesteps are determined from the CBB file.",
					"If a timestep is missing from either the HDS or CBB files, it will use the next available to fill in the gaps.",
					"The table below summarizes the entry in the HDS and CBB files used for each timestep. This table is important. All of the timesteps, regardless of how many, are reported here.",
					"If you do not like it, update the OUTPUT CONTROL package of MODFLOW, rerun it and then rerun mod-PATH3DU. See manual for more details."
				],
				"Table" : 
				[
					{
						"MASTER" : 
						{
							"SPER" : 1,
							"TOTIM" : 6.27453949e-002,
							"TSTP" : 1
						},
						"cumb_v2.1b.cbc" : 
						{
							"SPER" : 1,
							"TOTIM" : 1.00000000e+000,
							"TSTP" : 10
						},
						"cumb_v2.1b.hds" : 
						{
							"SPER" : 1,
							"TOTIM" : 1.00000000e+000,
							"TSTP" : 10
						}
					},
					{
						"MASTER" : 
						{
							"SPER" : 1,
							"TOTIM" : 1.31765329e-001,
							"TSTP" : 2
						},
						"cumb_v2.1b.cbc" : 
						{
							"SPER" : 1,
							"TOTIM" : 1.00000000e+000,
							"TSTP" : 10
						},
						"cumb_v2.1b.hds" : 
						{
							"SPER" : 1,
							"TOTIM" : 1.00000000e+000,
							"TSTP" : 10
						}
					},
					{
						"MASTER" : 
						{
							"SPER" : 1,
							"TOTIM" : 2.07687257e-001,
							"TSTP" : 3
						},
						"cumb_v2.1b.cbc" : 
						{
							"SPER" : 1,
							"TOTIM" : 1.00000000e+000,
							"TSTP" : 10
						},
						"cumb_v2.1b.hds" : 
						{
							"SPER" : 1,
							"TOTIM" : 1.00000000e+000,
							"TSTP" : 10
						}
					},
					{
						"MASTER" : 
						{
							"SPER" : 1,
							"TOTIM" : 2.91201378e-001,
							"TSTP" : 4
						},
						"cumb_v2.1b.cbc" : 
						{
							"SPER" : 1,
							"TOTIM" : 1.00000000e+000,
							"TSTP" : 10
						},
						"cumb_v2.1b.hds" : 
						{
							"SPER" : 1,
							"TOTIM" : 1.00000000e+000,
							"TSTP" : 10
						}
					},
					{
						"MASTER" : 
						{
							"SPER" : 1,
							"TOTIM" : 3.83066910e-001,
							"TSTP" : 5
						},
						"cumb_v2.1b.cbc" : 
						{
							"SPER" : 1,
							"TOTIM" : 1.00000000e+000,
							"TSTP" : 10
						},
						"cumb_v2.1b.hds" : 
						{
							"SPER" : 1,
							"TOTIM" : 1.00000000e+000,
							"TSTP" : 10
						}
					},
					{
						"MASTER" : 
						{
							"SPER" : 1,
							"TOTIM" : 4.84118996e-001,
							"TSTP" : 6
						},
						"cumb_v2.1b.cbc" : 
						{
							"SPER" : 1,
							"TOTIM" : 1.00000000e+000,
							"TSTP" : 10
						},
						"cumb_v2.1b.hds" : 
						{
							"SPER" : 1,
							"TOTIM" : 1.00000000e+000,
							"TSTP" : 10
						}
					},
					{
						"MASTER" : 
						{
							"SPER" : 1,
							"TOTIM" : 5.95276291e-001,
							"TSTP" : 7
						},
						"cumb_v2.1b.cbc" : 
						{
							"SPER" : 1,
							"TOTIM" : 1.00000000e+000,
							"TSTP" : 10
						},
						"cumb_v2.1b.hds" : 
						{
							"SPER" : 1,
							"TOTIM" : 1.00000000e+000,
							"TSTP" : 10
						}
					},
					{
						"MASTER" : 
						{
							"SPER" : 1,
							"TOTIM" : 7.17549315e-001,
							"TSTP" : 8
						},
						"cumb_v2.1b.cbc" : 
						{
							"SPER" : 1,
							"TOTIM" : 1.00000000e+000,
							"TSTP" : 10
						},
						"cumb_v2.1b.hds" : 
						{
							"SPER" : 1,
							"TOTIM" : 1.00000000e+000,
							"TSTP" : 10
						}
					},
					{
						"MASTER" : 
						{
							"SPER" : 1,
							"TOTIM" : 8.52049641e-001,
							"TSTP" : 9
						},
						"cumb_v2.1b.cbc" : 
						{
							"SPER" : 1,
							"TOTIM" : 1.00000000e+000,
							"TSTP" : 10
						},
						"cumb_v2.1b.hds" : 
						{
							"SPER" : 1,
							"TOTIM" : 1.00000000e+000,
							"TSTP" : 10
						}
					},
					{
						"MASTER" : 
						{
							"SPER" : 1,
							"TOTIM" : 1.00000000e+000,
							"TSTP" : 10
						},
						"cumb_v2.1b.cbc" : 
						{
							"SPER" : 1,
							"TOTIM" : 1.00000000e+000,
							"TSTP" : 10
						},
						"cumb_v2.1b.hds" : 
						{
							"SPER" : 1,
							"TOTIM" : 1.00000000e+000,
							"TSTP" : 10
						}
					},
					{
						"MASTER" : 
						{
							"SPER" : 2,
							"TOTIM" : 2.88236185e+000,
							"TSTP" : 1
						},
						"cumb_v2.1b.cbc" : 
						{
							"SPER" : 2,
							"TOTIM" : 3.10000000e+001,
							"TSTP" : 10
						},
						"cumb_v2.1b.hds" : 
						{
							"SPER" : 2,
							"TOTIM" : 3.10000000e+001,
							"TSTP" : 10
						}
					},
					{
						"MASTER" : 
						{
							"SPER" : 2,
							"TOTIM" : 4.95295988e+000,
							"TSTP" : 2
						},
						"cumb_v2.1b.cbc" : 
						{
							"SPER" : 2,
							"TOTIM" : 3.10000000e+001,
							"TSTP" : 10
						},
						"cumb_v2.1b.hds" : 
						{
							"SPER" : 2,
							"TOTIM" : 3.10000000e+001,
							"TSTP" : 10
						}
					},
					{
						"MASTER" : 
						{
							"SPER" : 2,
							"TOTIM" : 7.23061771e+000,
							"TSTP" : 3
						},
						"cumb_v2.1b.cbc" : 
						{
							"SPER" : 2,
							"TOTIM" : 3.10000000e+001,
							"TSTP" : 10
						},
						"cumb_v2.1b.hds" : 
						{
							"SPER" : 2,
							"TOTIM" : 3.10000000e+001,
							"TSTP" : 10
						}
					},
					{
						"MASTER" : 
						{
							"SPER" : 2,
							"TOTIM" : 9.73604133e+000,
							"TSTP" : 4
						},
						"cumb_v2.1b.cbc" : 
						{
							"SPER" : 2,
							"TOTIM" : 3.10000000e+001,
							"TSTP" : 10
						},
						"cumb_v2.1b.hds" : 
						{
							"SPER" : 2,
							"TOTIM" : 3.10000000e+001,
							"TSTP" : 10
						}
					},
					{
						"MASTER" : 
						{
							"SPER" : 2,
							"TOTIM" : 1.24920073e+001,
							"TSTP" : 5
						},
						"cumb_v2.1b.cbc" : 
						{
							"SPER" : 2,
							"TOTIM" : 3.10000000e+001,
							"TSTP" : 10
						},
						"cumb_v2.1b.hds" : 
						{
							"SPER" : 2,
							"TOTIM" : 3.10000000e+001,
							"TSTP" : 10
						}
					},
					{
						"MASTER" : 
						{
							"SPER" : 2,
							"TOTIM" : 1.55235699e+001,
							"TSTP" : 6
						},
						"cumb_v2.1b.cbc" : 
						{
							"SPER" : 2,
							"TOTIM" : 3.10000000e+001,
							"TSTP" : 10
						},
						"cumb_v2.1b.hds" : 
						{
							"SPER" : 2,
							"TOTIM" : 3.10000000e+001,
							"TSTP" : 10
						}
					},
					{
						"MASTER" : 
						{
							"SPER" : 2,
							"TOTIM" : 1.88582887e+001,
							"TSTP" : 7
						},
						"cumb_v2.1b.cbc" : 
						{
							"SPER" : 2,
							"TOTIM" : 3.10000000e+001,
							"TSTP" : 10
						},
						"cumb_v2.1b.hds" : 
						{
							"SPER" : 2,
							"TOTIM" : 3.10000000e+001,
							"TSTP" : 10
						}
					},
					{
						"MASTER" : 
						{
							"SPER" : 2,
							"TOTIM" : 2.25264794e+001,
							"TSTP" : 8
						},
						"cumb_v2.1b.cbc" : 
						{
							"SPER" : 2,
							"TOTIM" : 3.10000000e+001,
							"TSTP" : 10
						},
						"cumb_v2.1b.hds" : 
						{
							"SPER" : 2,
							"TOTIM" : 3.10000000e+001,
							"TSTP" : 10
						}
					},
					{
						"MASTER" : 
						{
							"SPER" : 2,
							"TOTIM" : 2.65614892e+001,
							"TSTP" : 9
						},
						"cumb_v2.1b.cbc" : 
						{
							"SPER" : 2,
							"TOTIM" : 3.10000000e+001,
							"TSTP" : 10
						},
						"cumb_v2.1b.hds" : 
						{
							"SPER" : 2,
							"TOTIM" : 3.10000000e+001,
							"TSTP" : 10
						}
					},
					{
						"MASTER" : 
						{
							"SPER" : 2,
							"TOTIM" : 3.10000000e+001,
							"TSTP" : 10
						},
						"cumb_v2.1b.cbc" : 
						{
							"SPER" : 2,
							"TOTIM" : 3.10000000e+001,
							"TSTP" : 10
						},
						"cumb_v2.1b.hds" : 
						{
							"SPER" : 2,
							"TOTIM" : 3.10000000e+001,
							"TSTP" : 10
						}
					},
					{
						"MASTER" : 
						{
							"SPER" : 3,
							"TOTIM" : 3.28823618e+001,
							"TSTP" : 1
						},
						"cumb_v2.1b.cbc" : 
						{
							"SPER" : 3,
							"TOTIM" : 6.10000000e+001,
							"TSTP" : 10
						},
						"cumb_v2.1b.hds" : 
						{
							"SPER" : 3,
							"TOTIM" : 6.10000000e+001,
							"TSTP" : 10
						}
					},
					{
						"MASTER" : 
						{
							"SPER" : 3,
							"TOTIM" : 3.49529599e+001,
							"TSTP" : 2
						},
						"cumb_v2.1b.cbc" : 
						{
							"SPER" : 3,
							"TOTIM" : 6.10000000e+001,
							"TSTP" : 10
						},
						"cumb_v2.1b.hds" : 
						{
							"SPER" : 3,
							"TOTIM" : 6.10000000e+001,
							"TSTP" : 10
						}
					},
					{
						"MASTER" : 
						{
							"SPER" : 3,
							"TOTIM" : 3.72306177e+001,
							"TSTP" : 3
						},
						"cumb_v2.1b.cbc" : 
						{
							"SPER" : 3,
							"TOTIM" : 6.10000000e+001,
							"TSTP" : 10
						},
						"cumb_v2.1b.hds" : 
						{
							"SPER" : 3,
							"TOTIM" : 6.10000000e+001,
							"TSTP" : 10
						}
					},
					{
						"MASTER" : 
						{
							"SPER" : 3,
							"TOTIM" : 3.97360413e+001,
							"TSTP" : 4
						},
						"cumb_v2.1b.cbc" : 
						{
							"SPER" : 3,
							"TOTIM" : 6.10000000e+001,
							"TSTP" : 10
						},
						"cumb_v2.1b.hds" : 
						{
							"SPER" : 3,
							"TOTIM" : 6.10000000e+001,
							"TSTP" : 10
						}
					},
					{
						"MASTER" : 
						{
							"SPER" : 3,
							"TOTIM" : 4.24920073e+001,
							"TSTP" : 5
						},
						"cumb_v2.1b.cbc" : 
						{
							"SPER" : 3,
							"TOTIM" : 6.10000000e+001,
							"TSTP" : 10
						},
						"cumb_v2.1b.hds" : 
						{
							"SPER" : 3,
							"TOTIM" : 6.10000000e+001,
							"TSTP" : 10
						}
					},
					{
						"MASTER" : 
						{
							"SPER" : 3,
							"TOTIM" : 4.55235699e+001,
							"TSTP" : 6
						},
						"cumb_v2.1b.cbc" : 
						{
							"SPER" : 3,
							"TOTIM" : 6.10000000e+001,
							"TSTP" : 10
						},
						"cumb_v2.1b.hds" : 
						{
							"SPER" : 3,
							"TOTIM" : 6.10000000e+001,
							"TSTP" : 10
						}
					},
					{
						"MASTER" : 
						{
							"SPER" : 3,
							"TOTIM" : 4.88582887e+001,
							"TSTP" : 7
						},
						"cumb_v2.1b.cbc" : 
						{
							"SPER" : 3,
							"TOTIM" : 6.10000000e+001,
							"TSTP" : 10
						},
						"cumb_v2.1b.hds" : 
						{
							"SPER" : 3,
							"TOTIM" : 6.10000000e+001,
							"TSTP" : 10
						}
					},
					{
						"MASTER" : 
						{
							"SPER" : 3,
							"TOTIM" : 5.25264794e+001,
							"TSTP" : 8
						},
						"cumb_v2.1b.cbc" : 
						{
							"SPER" : 3,
							"TOTIM" : 6.10000000e+001,
							"TSTP" : 10
						},
						"cumb_v2.1b.hds" : 
						{
							"SPER" : 3,
							"TOTIM" : 6.10000000e+001,
							"TSTP" : 10
						}
					},
					{
						"MASTER" : 
						{
							"SPER" : 3,
							"TOTIM" : 5.65614892e+001,
							"TSTP" : 9
						},
						"cumb_v2.1b.cbc" : 
						{
							"SPER" : 3,
							"TOTIM" : 6.10000000e+001,
							"TSTP" : 10
						},
						"cumb_v2.1b.hds" : 
						{
							"SPER" : 3,
							"TOTIM" : 6.10000000e+001,
							"TSTP" : 10
						}
					},
					{
						"MASTER" : 
						{
							"SPER" : 3,
							"TOTIM" : 6.10000000e+001,
							"TSTP" : 10
						},
						"cumb_v2.1b.cbc" : 
						{
							"SPER" : 3,
							"TOTIM" : 6.10000000e+001,
							"TSTP" : 10
						},
						"cumb_v2.1b.hds" : 
						{
							"SPER" : 3,
							"TOTIM" : 6.10000000e+001,
							"TSTP" : 10
						}
					},
					{
						"MASTER" : 
						{
							"SPER" : 4,
							"TOTIM" : 6.28823618e+001,
							"TSTP" : 1
						},
						"cumb_v2.1b.cbc" : 
						{
							"SPER" : 4,
							"TOTIM" : 9.10000000e+001,
							"TSTP" : 10
						},
						"cumb_v2.1b.hds" : 
						{
							"SPER" : 4,
							"TOTIM" : 9.10000000e+001,
							"TSTP" : 10
						}
					},
					{
						"MASTER" : 
						{
							"SPER" : 4,
							"TOTIM" : 6.49529599e+001,
							"TSTP" : 2
						},
						"cumb_v2.1b.cbc" : 
						{
							"SPER" : 4,
							"TOTIM" : 9.10000000e+001,
							"TSTP" : 10
						},
						"cumb_v2.1b.hds" : 
						{
							"SPER" : 4,
							"TOTIM" : 9.10000000e+001,
							"TSTP" : 10
						}
					},
					{
						"MASTER" : 
						{
							"SPER" : 4,
							"TOTIM" : 6.72306177e+001,
							"TSTP" : 3
						},
						"cumb_v2.1b.cbc" : 
						{
							"SPER" : 4,
							"TOTIM" : 9.10000000e+001,
							"TSTP" : 10
						},
						"cumb_v2.1b.hds" : 
						{
							"SPER" : 4,
							"TOTIM" : 9.10000000e+001,
							"TSTP" : 10
						}
					},
					{
						"MASTER" : 
						{
							"SPER" : 4,
							"TOTIM" : 6.97360413e+001,
							"TSTP" : 4
						},
						"cumb_v2.1b.cbc" : 
						{
							"SPER" : 4,
							"TOTIM" : 9.10000000e+001,
							"TSTP" : 10
						},
						"cumb_v2.1b.hds" : 
						{
							"SPER" : 4,
							"TOTIM" : 9.10000000e+001,
							"TSTP" : 10
						}
					},
					{
						"MASTER" : 
						{
							"SPER" : 4,
							"TOTIM" : 7.24920073e+001,
							"TSTP" : 5
						},
						"cumb_v2.1b.cbc" : 
						{
							"SPER" : 4,
							"TOTIM" : 9.10000000e+001,
							"TSTP" : 10
						},
						"cumb_v2.1b.hds" : 
						{
							"SPER" : 4,
							"TOTIM" : 9.10000000e+001,
							"TSTP" : 10
						}
					},
					{
						"MASTER" : 
						{
							"SPER" : 4,
							"TOTIM" : 7.55235699e+001,
							"TSTP" : 6
						},
						"cumb_v2.1b.cbc" : 
						{
							"SPER" : 4,
							"TOTIM" : 9.10000000e+001,
							"TSTP" : 10
						},
						"cumb_v2.1b.hds" : 
						{
							"SPER" : 4,
							"TOTIM" : 9.10000000e+001,
							"TSTP" : 10
						}
					},
					{
						"MASTER" : 
						{
							"SPER" : 4,
							"TOTIM" : 7.88582887e+001,
							"TSTP" : 7
						},
						"cumb_v2.1b.cbc" : 
						{
							"SPER" : 4,
							"TOTIM" : 9.10000000e+001,
							"TSTP" : 10
						},
						"cumb_v2.1b.hds" : 
						{
							"SPER" : 4,
							"TOTIM" : 9.10000000e+001,
							"TSTP" : 10
						}
					},
					{
						"MASTER" : 
						{
							"SPER" : 4,
							"TOTIM" : 8.25264794e+001,
							"TSTP" : 8
						},
						"cumb_v2.1b.cbc" : 
						{
							"SPER" : 4,
							"TOTIM" : 9.10000000e+001,
							"TSTP" : 10
						},
						"cumb_v2.1b.hds" : 
						{
							"SPER" : 4,
							"TOTIM" : 9.10000000e+001,
							"TSTP" : 10
						}
					},
					{
						"MASTER" : 
						{
							"SPER" : 4,
							"TOTIM" : 8.65614892e+001,
							"TSTP" : 9
						},
						"cumb_v2.1b.cbc" : 
						{
							"SPER" : 4,
							"TOTIM" : 9.10000000e+001,
							"TSTP" : 10
						},
						"cumb_v2.1b.hds" : 
						{
							"SPER" : 4,
							"TOTIM" : 9.10000000e+001,
							"TSTP" : 10
						}
					},
					{
						"MASTER" : 
						{
							"SPER" : 4,
							"TOTIM" : 9.10000000e+001,
							"TSTP" : 10
						},
						"cumb_v2.1b.cbc" : 
						{
							"SPER" : 4,
							"TOTIM" : 9.10000000e+001,
							"TSTP" : 10
						},
						"cumb_v2.1b.hds" : 
						{
							"SPER" : 4,
							"TOTIM" : 9.10000000e+001,
							"TSTP" : 10
						}
					},
					{
						"MASTER" : 
						{
							"SPER" : 5,
							"TOTIM" : 9.28823618e+001,
							"TSTP" : 1
						},
						"cumb_v2.1b.cbc" : 
						{
							"SPER" : 5,
							"TOTIM" : 1.21000000e+002,
							"TSTP" : 10
						},
						"cumb_v2.1b.hds" : 
						{
							"SPER" : 5,
							"TOTIM" : 1.21000000e+002,
							"TSTP" : 10
						}
					},
					{
						"MASTER" : 
						{
							"SPER" : 5,
							"TOTIM" : 9.49529599e+001,
							"TSTP" : 2
						},
						"cumb_v2.1b.cbc" : 
						{
							"SPER" : 5,
							"TOTIM" : 1.21000000e+002,
							"TSTP" : 10
						},
						"cumb_v2.1b.hds" : 
						{
							"SPER" : 5,
							"TOTIM" : 1.21000000e+002,
							"TSTP" : 10
						}
					},
					{
						"MASTER" : 
						{
							"SPER" : 5,
							"TOTIM" : 9.72306177e+001,
							"TSTP" : 3
						},
						"cumb_v2.1b.cbc" : 
						{
							"SPER" : 5,
							"TOTIM" : 1.21000000e+002,
							"TSTP" : 10
						},
						"cumb_v2.1b.hds" : 
						{
							"SPER" : 5,
							"TOTIM" : 1.21000000e+002,
							"TSTP" : 10
						}
					},
					{
						"MASTER" : 
						{
							"SPER" : 5,
							"TOTIM" : 9.97360413e+001,
							"TSTP" : 4
						},
						"cumb_v2.1b.cbc" : 
						{
							"SPER" : 5,
							"TOTIM" : 1.21000000e+002,
							"TSTP" : 10
						},
						"cumb_v2.1b.hds" : 
						{
							"SPER" : 5,
							"TOTIM" : 1.21000000e+002,
							"TSTP" : 10
						}
					},
					{
						"MASTER" : 
						{
							"SPER" : 5,
							"TOTIM" : 1.02492007e+002,
							"TSTP" : 5
						},
						"cumb_v2.1b.cbc" : 
						{
							"SPER" : 5,
							"TOTIM" : 1.21000000e+002,
							"TSTP" : 10
						},
						"cumb_v2.1b.hds" : 
						{
							"SPER" : 5,
							"TOTIM" : 1.21000000e+002,
							"TSTP" : 10
						}
					},
					{
						"MASTER" : 
						{
							"SPER" : 5,
							"TOTIM" : 1.05523570e+002,
							"TSTP" : 6
						},
						"cumb_v2.1b.cbc" : 
						{
							"SPER" : 5,
							"TOTIM" : 1.21000000e+002,
							"TSTP" : 10
						},
						"cumb_v2.1b.hds" : 
						{
							"SPER" : 5,
							"TOTIM" : 1.21000000e+002,
							"TSTP" : 10
						}
					},
					{
						"MASTER" : 
						{
							"SPER" : 5,
							"TOTIM" : 1.08858289e+002,
							"TSTP" : 7
						},
						"cumb_v2.1b.cbc" : 
						{
							"SPER" : 5,
							"TOTIM" : 1.21000000e+002,
							"TSTP" : 10
						},
						"cumb_v2.1b.hds" : 
						{
							"SPER" : 5,
							"TOTIM" : 1.21000000e+002,
							"TSTP" : 10
						}
					},
					{
						"MASTER" : 
						{
							"SPER" : 5,
							"TOTIM" : 1.12526479e+002,
							"TSTP" : 8
						},
						"cumb_v2.1b.cbc" : 
						{
							"SPER" : 5,
							"TOTIM" : 1.21000000e+002,
							"TSTP" : 10
						},
						"cumb_v2.1b.hds" : 
						{
							"SPER" : 5,
							"TOTIM" : 1.21000000e+002,
							"TSTP" : 10
						}
					},
					{
						"MASTER" : 
						{
							"SPER" : 5,
							"TOTIM" : 1.16561489e+002,
							"TSTP" : 9
						},
						"cumb_v2.1b.cbc" : 
						{
							"SPER" : 5,
							"TOTIM" : 1.21000000e+002,
							"TSTP" : 10
						},
						"cumb_v2.1b.hds" : 
						{
							"SPER" : 5,
							"TOTIM" : 1.21000000e+002,
							"TSTP" : 10
						}
					},
					{
						"MASTER" : 
						{
							"SPER" : 5,
							"TOTIM" : 1.21000000e+002,
							"TSTP" : 10
						},
						"cumb_v2.1b.cbc" : 
						{
							"SPER" : 5,
							"TOTIM" : 1.21000000e+002,
							"TSTP" : 10
						},
						"cumb_v2.1b.hds" : 
						{
							"SPER" : 5,
							"TOTIM" : 1.21000000e+002,
							"TSTP" : 10
						}
					},
					{
						"MASTER" : 
						{
							"SPER" : 6,
							"TOTIM" : 1.22882362e+002,
							"TSTP" : 1
						},
						"cumb_v2.1b.cbc" : 
						{
							"SPER" : 6,
							"TOTIM" : 1.51000000e+002,
							"TSTP" : 10
						},
						"cumb_v2.1b.hds" : 
						{
							"SPER" : 6,
							"TOTIM" : 1.51000000e+002,
							"TSTP" : 10
						}
					},
					{
						"MASTER" : 
						{
							"SPER" : 6,
							"TOTIM" : 1.24952960e+002,
							"TSTP" : 2
						},
						"cumb_v2.1b.cbc" : 
						{
							"SPER" : 6,
							"TOTIM" : 1.51000000e+002,
							"TSTP" : 10
						},
						"cumb_v2.1b.hds" : 
						{
							"SPER" : 6,
							"TOTIM" : 1.51000000e+002,
							"TSTP" : 10
						}
					},
					{
						"MASTER" : 
						{
							"SPER" : 6,
							"TOTIM" : 1.27230618e+002,
							"TSTP" : 3
						},
						"cumb_v2.1b.cbc" : 
						{
							"SPER" : 6,
							"TOTIM" : 1.51000000e+002,
							"TSTP" : 10
						},
						"cumb_v2.1b.hds" : 
						{
							"SPER" : 6,
							"TOTIM" : 1.51000000e+002,
							"TSTP" : 10
						}
					},
					{
						"MASTER" : 
						{
							"SPER" : 6,
							"TOTIM" : 1.29736041e+002,
							"TSTP" : 4
						},
						"cumb_v2.1b.cbc" : 
						{
							"SPER" : 6,
							"TOTIM" : 1.51000000e+002,
							"TSTP" : 10
						},
						"cumb_v2.1b.hds" : 
						{
							"SPER" : 6,
							"TOTIM" : 1.51000000e+002,
							"TSTP" : 10
						}
					},
					{
						"MASTER" : 
						{
							"SPER" : 6,
							"TOTIM" : 1.32492007e+002,
							"TSTP" : 5
						},
						"cumb_v2.1b.cbc" : 
						{
							"SPER" : 6,
							"TOTIM" : 1.51000000e+002,
							"TSTP" : 10
						},
						"cumb_v2.1b.hds" : 
						{
							"SPER" : 6,
							"TOTIM" : 1.51000000e+002,
							"TSTP" : 10
						}
					},
					{
						"MASTER" : 
						{
							"SPER" : 6,
							"TOTIM" : 1.35523570e+002,
							"TSTP" : 6
						},
						"cumb_v2.1b.cbc" : 
						{
							"SPER" : 6,
							"TOTIM" : 1.51000000e+002,
							"TSTP" : 10
						},
						"cumb_v2.1b.hds" : 
						{
							"SPER" : 6,
							"TOTIM" : 1.51000000e+002,
							"TSTP" : 10
						}
					},
					{
						"MASTER" : 
						{
							"SPER" : 6,
							"TOTIM" : 1.38858289e+002,
							"TSTP" : 7
						},
						"cumb_v2.1b.cbc" : 
						{
							"SPER" : 6,
							"TOTIM" : 1.51000000e+002,
							"TSTP" : 10
						},
						"cumb_v2.1b.hds" : 
						{
							"SPER" : 6,
							"TOTIM" : 1.51000000e+002,
							"TSTP" : 10
						}
					},
					{
						"MASTER" : 
						{
							"SPER" : 6,
							"TOTIM" : 1.42526479e+002,
							"TSTP" : 8
						},
						"cumb_v2.1b.cbc" : 
						{
							"SPER" : 6,
							"TOTIM" : 1.51000000e+002,
							"TSTP" : 10
						},
						"cumb_v2.1b.hds" : 
						{
							"SPER" : 6,
							"TOTIM" : 1.51000000e+002,
							"TSTP" : 10
						}
					},
					{
						"MASTER" : 
						{
							"SPER" : 6,
							"TOTIM" : 1.46561489e+002,
							"TSTP" : 9
						},
						"cumb_v2.1b.cbc" : 
						{
							"SPER" : 6,
							"TOTIM" : 1.51000000e+002,
							"TSTP" : 10
						},
						"cumb_v2.1b.hds" : 
						{
							"SPER" : 6,
							"TOTIM" : 1.51000000e+002,
							"TSTP" : 10
						}
					},
					{
						"MASTER" : 
						{
							"SPER" : 6,
							"TOTIM" : 1.51000000e+002,
							"TSTP" : 10
						},
						"cumb_v2.1b.cbc" : 
						{
							"SPER" : 6,
							"TOTIM" : 1.51000000e+002,
							"TSTP" : 10
						},
						"cumb_v2.1b.hds" : 
						{
							"SPER" : 6,
							"TOTIM" : 1.51000000e+002,
							"TSTP" : 10
						}
					},
					{
						"MASTER" : 
						{
							"SPER" : 7,
							"TOTIM" : 1.52882362e+002,
							"TSTP" : 1
						},
						"cumb_v2.1b.cbc" : 
						{
							"SPER" : 7,
							"TOTIM" : 1.81000000e+002,
							"TSTP" : 10
						},
						"cumb_v2.1b.hds" : 
						{
							"SPER" : 7,
							"TOTIM" : 1.81000000e+002,
							"TSTP" : 10
						}
					},
					{
						"MASTER" : 
						{
							"SPER" : 7,
							"TOTIM" : 1.54952960e+002,
							"TSTP" : 2
						},
						"cumb_v2.1b.cbc" : 
						{
							"SPER" : 7,
							"TOTIM" : 1.81000000e+002,
							"TSTP" : 10
						},
						"cumb_v2.1b.hds" : 
						{
							"SPER" : 7,
							"TOTIM" : 1.81000000e+002,
							"TSTP" : 10
						}
					},
					{
						"MASTER" : 
						{
							"SPER" : 7,
							"TOTIM" : 1.57230618e+002,
							"TSTP" : 3
						},
						"cumb_v2.1b.cbc" : 
						{
							"SPER" : 7,
							"TOTIM" : 1.81000000e+002,
							"TSTP" : 10
						},
						"cumb_v2.1b.hds" : 
						{
							"SPER" : 7,
							"TOTIM" : 1.81000000e+002,
							"TSTP" : 10
						}
					},
					{
						"MASTER" : 
						{
							"SPER" : 7,
							"TOTIM" : 1.59736041e+002,
							"TSTP" : 4
						},
						"cumb_v2.1b.cbc" : 
						{
							"SPER" : 7,
							"TOTIM" : 1.81000000e+002,
							"TSTP" : 10
						},
						"cumb_v2.1b.hds" : 
						{
							"SPER" : 7,
							"TOTIM" : 1.81000000e+002,
							"TSTP" : 10
						}
					},
					{
						"MASTER" : 
						{
							"SPER" : 7,
							"TOTIM" : 1.62492007e+002,
							"TSTP" : 5
						},
						"cumb_v2.1b.cbc" : 
						{
							"SPER" : 7,
							"TOTIM" : 1.81000000e+002,
							"TSTP" : 10
						},
						"cumb_v2.1b.hds" : 
						{
							"SPER" : 7,
							"TOTIM" : 1.81000000e+002,
							"TSTP" : 10
						}
					},
					{
						"MASTER" : 
						{
							"SPER" : 7,
							"TOTIM" : 1.65523570e+002,
							"TSTP" : 6
						},
						"cumb_v2.1b.cbc" : 
						{
							"SPER" : 7,
							"TOTIM" : 1.81000000e+002,
							"TSTP" : 10
						},
						"cumb_v2.1b.hds" : 
						{
							"SPER" : 7,
							"TOTIM" : 1.81000000e+002,
							"TSTP" : 10
						}
					},
					{
						"MASTER" : 
						{
							"SPER" : 7,
							"TOTIM" : 1.68858289e+002,
							"TSTP" : 7
						},
						"cumb_v2.1b.cbc" : 
						{
							"SPER" : 7,
							"TOTIM" : 1.81000000e+002,
							"TSTP" : 10
						},
						"cumb_v2.1b.hds" : 
						{
							"SPER" : 7,
							"TOTIM" : 1.81000000e+002,
							"TSTP" : 10
						}
					},
					{
						"MASTER" : 
						{
							"SPER" : 7,
							"TOTIM" : 1.72526479e+002,
							"TSTP" : 8
						},
						"cumb_v2.1b.cbc" : 
						{
							"SPER" : 7,
							"TOTIM" : 1.81000000e+002,
							"TSTP" : 10
						},
						"cumb_v2.1b.hds" : 
						{
							"SPER" : 7,
							"TOTIM" : 1.81000000e+002,
							"TSTP" : 10
						}
					},
					{
						"MASTER" : 
						{
							"SPER" : 7,
							"TOTIM" : 1.76561489e+002,
							"TSTP" : 9
						},
						"cumb_v2.1b.cbc" : 
						{
							"SPER" : 7,
							"TOTIM" : 1.81000000e+002,
							"TSTP" : 10
						},
						"cumb_v2.1b.hds" : 
						{
							"SPER" : 7,
							"TOTIM" : 1.81000000e+002,
							"TSTP" : 10
						}
					},
					{
						"MASTER" : 
						{
							"SPER" : 7,
							"TOTIM" : 1.81000000e+002,
							"TSTP" : 10
						},
						"cumb_v2.1b.cbc" : 
						{
							"SPER" : 7,
							"TOTIM" : 1.81000000e+002,
							"TSTP" : 10
						},
						"cumb_v2.1b.hds" : 
						{
							"SPER" : 7,
							"TOTIM" : 1.81000000e+002,
							"TSTP" : 10
						}
					},
					{
						"MASTER" : 
						{
							"SPER" : 8,
							"TOTIM" : 1.82882362e+002,
							"TSTP" : 1
						},
						"cumb_v2.1b.cbc" : 
						{
							"SPER" : 8,
							"TOTIM" : 2.11000000e+002,
							"TSTP" : 10
						},
						"cumb_v2.1b.hds" : 
						{
							"SPER" : 8,
							"TOTIM" : 2.11000000e+002,
							"TSTP" : 10
						}
					},
					{
						"MASTER" : 
						{
							"SPER" : 8,
							"TOTIM" : 1.84952960e+002,
							"TSTP" : 2
						},
						"cumb_v2.1b.cbc" : 
						{
							"SPER" : 8,
							"TOTIM" : 2.11000000e+002,
							"TSTP" : 10
						},
						"cumb_v2.1b.hds" : 
						{
							"SPER" : 8,
							"TOTIM" : 2.11000000e+002,
							"TSTP" : 10
						}
					},
					{
						"MASTER" : 
						{
							"SPER" : 8,
							"TOTIM" : 1.87230618e+002,
							"TSTP" : 3
						},
						"cumb_v2.1b.cbc" : 
						{
							"SPER" : 8,
							"TOTIM" : 2.11000000e+002,
							"TSTP" : 10
						},
						"cumb_v2.1b.hds" : 
						{
							"SPER" : 8,
							"TOTIM" : 2.11000000e+002,
							"TSTP" : 10
						}
					},
					{
						"MASTER" : 
						{
							"SPER" : 8,
							"TOTIM" : 1.89736041e+002,
							"TSTP" : 4
						},
						"cumb_v2.1b.cbc" : 
						{
							"SPER" : 8,
							"TOTIM" : 2.11000000e+002,
							"TSTP" : 10
						},
						"cumb_v2.1b.hds" : 
						{
							"SPER" : 8,
							"TOTIM" : 2.11000000e+002,
							"TSTP" : 10
						}
					},
					{
						"MASTER" : 
						{
							"SPER" : 8,
							"TOTIM" : 1.92492007e+002,
							"TSTP" : 5
						},
						"cumb_v2.1b.cbc" : 
						{
							"SPER" : 8,
							"TOTIM" : 2.11000000e+002,
							"TSTP" : 10
						},
						"cumb_v2.1b.hds" : 
						{
							"SPER" : 8,
							"TOTIM" : 2.11000000e+002,
							"TSTP" : 10
						}
					},
					{
						"MASTER" : 
						{
							"SPER" : 8,
							"TOTIM" : 1.95523570e+002,
							"TSTP" : 6
						},
						"cumb_v2.1b.cbc" : 
						{
							"SPER" : 8,
							"TOTIM" : 2.11000000e+002,
							"TSTP" : 10
						},
						"cumb_v2.1b.hds" : 
						{
							"SPER" : 8,
							"TOTIM" : 2.11000000e+002,
							"TSTP" : 10
						}
					},
					{
						"MASTER" : 
						{
							"SPER" : 8,
							"TOTIM" : 1.98858289e+002,
							"TSTP" : 7
						},
						"cumb_v2.1b.cbc" : 
						{
							"SPER" : 8,
							"TOTIM" : 2.11000000e+002,
							"TSTP" : 10
						},
						"cumb_v2.1b.hds" : 
						{
							"SPER" : 8,
							"TOTIM" : 2.11000000e+002,
							"TSTP" : 10
						}
					},
					{
						"MASTER" : 
						{
							"SPER" : 8,
							"TOTIM" : 2.02526479e+002,
							"TSTP" : 8
						},
						"cumb_v2.1b.cbc" : 
						{
							"SPER" : 8,
							"TOTIM" : 2.11000000e+002,
							"TSTP" : 10
						},
						"cumb_v2.1b.hds" : 
						{
							"SPER" : 8,
							"TOTIM" : 2.11000000e+002,
							"TSTP" : 10
						}
					},
					{
						"MASTER" : 
						{
							"SPER" : 8,
							"TOTIM" : 2.06561489e+002,
							"TSTP" : 9
						},
						"cumb_v2.1b.cbc" : 
						{
							"SPER" : 8,
							"TOTIM" : 2.11000000e+002,
							"TSTP" : 10
						},
						"cumb_v2.1b.hds" : 
						{
							"SPER" : 8,
							"TOTIM" : 2.11000000e+002,
							"TSTP" : 10
						}
					},
					{
						"MASTER" : 
						{
							"SPER" : 8,
							"TOTIM" : 2.11000000e+002,
							"TSTP" : 10
						},
						"cumb_v2.1b.cbc" : 
						{
							"SPER" : 8,
							"TOTIM" : 2.11000000e+002,
							"TSTP" : 10
						},
						"cumb_v2.1b.hds" : 
						{
							"SPER" : 8,
							"TOTIM" : 2.11000000e+002,
							"TSTP" : 10
						}
					},
					{
						"MASTER" : 
						{
							"SPER" : 9,
							"TOTIM" : 2.12882362e+002,
							"TSTP" : 1
						},
						"cumb_v2.1b.cbc" : 
						{
							"SPER" : 9,
							"TOTIM" : 2.41000000e+002,
							"TSTP" : 10
						},
						"cumb_v2.1b.hds" : 
						{
							"SPER" : 9,
							"TOTIM" : 2.41000000e+002,
							"TSTP" : 10
						}
					},
					{
						"MASTER" : 
						{
							"SPER" : 9,
							"TOTIM" : 2.14952960e+002,
							"TSTP" : 2
						},
						"cumb_v2.1b.cbc" : 
						{
							"SPER" : 9,
							"TOTIM" : 2.41000000e+002,
							"TSTP" : 10
						},
						"cumb_v2.1b.hds" : 
						{
							"SPER" : 9,
							"TOTIM" : 2.41000000e+002,
							"TSTP" : 10
						}
					},
					{
						"MASTER" : 
						{
							"SPER" : 9,
							"TOTIM" : 2.17230618e+002,
							"TSTP" : 3
						},
						"cumb_v2.1b.cbc" : 
						{
							"SPER" : 9,
							"TOTIM" : 2.41000000e+002,
							"TSTP" : 10
						},
						"cumb_v2.1b.hds" : 
						{
							"SPER" : 9,
							"TOTIM" : 2.41000000e+002,
							"TSTP" : 10
						}
					},
					{
						"MASTER" : 
						{
							"SPER" : 9,
							"TOTIM" : 2.19736041e+002,
							"TSTP" : 4
						},
						"cumb_v2.1b.cbc" : 
						{
							"SPER" : 9,
							"TOTIM" : 2.41000000e+002,
							"TSTP" : 10
						},
						"cumb_v2.1b.hds" : 
						{
							"SPER" : 9,
							"TOTIM" : 2.41000000e+002,
							"TSTP" : 10
						}
					},
					{
						"MASTER" : 
						{
							"SPER" : 9,
							"TOTIM" : 2.22492007e+002,
							"TSTP" : 5
						},
						"cumb_v2.1b.cbc" : 
						{
							"SPER" : 9,
							"TOTIM" : 2.41000000e+002,
							"TSTP" : 10
						},
						"cumb_v2.1b.hds" : 
						{
							"SPER" : 9,
							"TOTIM" : 2.41000000e+002,
							"TSTP" : 10
						}
					},
					{
						"MASTER" : 
						{
							"SPER" : 9,
							"TOTIM" : 2.25523570e+002,
							"TSTP" : 6
						},
						"cumb_v2.1b.cbc" : 
						{
							"SPER" : 9,
							"TOTIM" : 2.41000000e+002,
							"TSTP" : 10
						},
						"cumb_v2.1b.hds" : 
						{
							"SPER" : 9,
							"TOTIM" : 2.41000000e+002,
							"TSTP" : 10
						}
					},
					{
						"MASTER" : 
						{
							"SPER" : 9,
							"TOTIM" : 2.28858289e+002,
							"TSTP" : 7
						},
						"cumb_v2.1b.cbc" : 
						{
							"SPER" : 9,
							"TOTIM" : 2.41000000e+002,
							"TSTP" : 10
						},
						"cumb_v2.1b.hds" : 
						{
							"SPER" : 9,
							"TOTIM" : 2.41000000e+002,
							"TSTP" : 10
						}
					},
					{
						"MASTER" : 
						{
							"SPER" : 9,
							"TOTIM" : 2.32526479e+002,
							"TSTP" : 8
						},
						"cumb_v2.1b.cbc" : 
						{
							"SPER" : 9,
							"TOTIM" : 2.41000000e+002,
							"TSTP" : 10
						},
						"cumb_v2.1b.hds" : 
						{
							"SPER" : 9,
							"TOTIM" : 2.41000000e+002,
							"TSTP" : 10
						}
					},
					{
						"MASTER" : 
						{
							"SPER" : 9,
							"TOTIM" : 2.36561489e+002,
							"TSTP" : 9
						},
						"cumb_v2.1b.cbc" : 
						{
							"SPER" : 9,
							"TOTIM" : 2.41000000e+002,
							"TSTP" : 10
						},
						"cumb_v2.1b.hds" : 
						{
							"SPER" : 9,
							"TOTIM" : 2.41000000e+002,
							"TSTP" : 10
						}
					},
					{
						"MASTER" : 
						{
							"SPER" : 9,
							"TOTIM" : 2.41000000e+002,
							"TSTP" : 10
						},
						"cumb_v2.1b.cbc" : 
						{
							"SPER" : 9,
							"TOTIM" : 2.41000000e+002,
							"TSTP" : 10
						},
						"cumb_v2.1b.hds" : 
						{
							"SPER" : 9,
							"TOTIM" : 2.41000000e+002,
							"TSTP" : 10
						}
					},
					{
						"MASTER" : 
						{
							"SPER" : 10,
							"TOTIM" : 2.42882362e+002,
							"TSTP" : 1
						},
						"cumb_v2.1b.cbc" : 
						{
							"SPER" : 10,
							"TOTIM" : 2.71000000e+002,
							"TSTP" : 10
						},
						"cumb_v2.1b.hds" : 
						{
							"SPER" : 10,
							"TOTIM" : 2.71000000e+002,
							"TSTP" : 10
						}
					},
					{
						"MASTER" : 
						{
							"SPER" : 10,
							"TOTIM" : 2.44952960e+002,
							"TSTP" : 2
						},
						"cumb_v2.1b.cbc" : 
						{
							"SPER" : 10,
							"TOTIM" : 2.71000000e+002,
							"TSTP" : 10
						},
						"cumb_v2.1b.hds" : 
						{
							"SPER" : 10,
							"TOTIM" : 2.71000000e+002,
							"TSTP" : 10
						}
					},
					{
						"MASTER" : 
						{
							"SPER" : 10,
							"TOTIM" : 2.47230618e+002,
							"TSTP" : 3
						},
						"cumb_v2.1b.cbc" : 
						{
							"SPER" : 10,
							"TOTIM" : 2.71000000e+002,
							"TSTP" : 10
						},
						"cumb_v2.1b.hds" : 
						{
							"SPER" : 10,
							"TOTIM" : 2.71000000e+002,
							"TSTP" : 10
						}
					},
					{
						"MASTER" : 
						{
							"SPER" : 10,
							"TOTIM" : 2.49736041e+002,
							"TSTP" : 4
						},
						"cumb_v2.1b.cbc" : 
						{
							"SPER" : 10,
							"TOTIM" : 2.71000000e+002,
							"TSTP" : 10
						},
						"cumb_v2.1b.hds" : 
						{
							"SPER" : 10,
							"TOTIM" : 2.71000000e+002,
							"TSTP" : 10
						}
					},
					{
						"MASTER" : 
						{
							"SPER" : 10,
							"TOTIM" : 2.52492007e+002,
							"TSTP" : 5
						},
						"cumb_v2.1b.cbc" : 
						{
							"SPER" : 10,
							"TOTIM" : 2.71000000e+002,
							"TSTP" : 10
						},
						"cumb_v2.1b.hds" : 
						{
							"SPER" : 10,
							"TOTIM" : 2.71000000e+002,
							"TSTP" : 10
						}
					},
					{
						"MASTER" : 
						{
							"SPER" : 10,
							"TOTIM" : 2.55523570e+002,
							"TSTP" : 6
						},
						"cumb_v2.1b.cbc" : 
						{
							"SPER" : 10,
							"TOTIM" : 2.71000000e+002,
							"TSTP" : 10
						},
						"cumb_v2.1b.hds" : 
						{
							"SPER" : 10,
							"TOTIM" : 2.71000000e+002,
							"TSTP" : 10
						}
					},
					{
						"MASTER" : 
						{
							"SPER" : 10,
							"TOTIM" : 2.58858289e+002,
							"TSTP" : 7
						},
						"cumb_v2.1b.cbc" : 
						{
							"SPER" : 10,
							"TOTIM" : 2.71000000e+002,
							"TSTP" : 10
						},
						"cumb_v2.1b.hds" : 
						{
							"SPER" : 10,
							"TOTIM" : 2.71000000e+002,
							"TSTP" : 10
						}
					},
					{
						"MASTER" : 
						{
							"SPER" : 10,
							"TOTIM" : 2.62526479e+002,
							"TSTP" : 8
						},
						"cumb_v2.1b.cbc" : 
						{
							"SPER" : 10,
							"TOTIM" : 2.71000000e+002,
							"TSTP" : 10
						},
						"cumb_v2.1b.hds" : 
						{
							"SPER" : 10,
							"TOTIM" : 2.71000000e+002,
							"TSTP" : 10
						}
					},
					{
						"MASTER" : 
						{
							"SPER" : 10,
							"TOTIM" : 2.66561489e+002,
							"TSTP" : 9
						},
						"cumb_v2.1b.cbc" : 
						{
							"SPER" : 10,
							"TOTIM" : 2.71000000e+002,
							"TSTP" : 10
						},
						"cumb_v2.1b.hds" : 
						{
							"SPER" : 10,
							"TOTIM" : 2.71000000e+002,
							"TSTP" : 10
						}
					},
					{
						"MASTER" : 
						{
							"SPER" : 10,
							"TOTIM" : 2.71000000e+002,
							"TSTP" : 10
						},
						"cumb_v2.1b.cbc" : 
						{
							"SPER" : 10,
							"TOTIM" : 2.71000000e+002,
							"TSTP" : 10
						},
						"cumb_v2.1b.hds" : 
						{
							"SPER" : 10,
							"TOTIM" : 2.71000000e+002,
							"TSTP" : 10
						}
					},
					{
						"MASTER" : 
						{
							"SPER" : 11,
							"TOTIM" : 2.72882362e+002,
							"TSTP" : 1
						},
						"cumb_v2.1b.cbc" : 
						{
							"SPER" : 11,
							"TOTIM" : 3.01000000e+002,
							"TSTP" : 10
						},
						"cumb_v2.1b.hds" : 
						{
							"SPER" : 11,
							"TOTIM" : 3.01000000e+002,
							"TSTP" : 10
						}
					},
					{
						"MASTER" : 
						{
							"SPER" : 11,
							"TOTIM" : 2.74952960e+002,
							"TSTP" : 2
						},
						"cumb_v2.1b.cbc" : 
						{
							"SPER" : 11,
							"TOTIM" : 3.01000000e+002,
							"TSTP" : 10
						},
						"cumb_v2.1b.hds" : 
						{
							"SPER" : 11,
							"TOTIM" : 3.01000000e+002,
							"TSTP" : 10
						}
					},
					{
						"MASTER" : 
						{
							"SPER" : 11,
							"TOTIM" : 2.77230618e+002,
							"TSTP" : 3
						},
						"cumb_v2.1b.cbc" : 
						{
							"SPER" : 11,
							"TOTIM" : 3.01000000e+002,
							"TSTP" : 10
						},
						"cumb_v2.1b.hds" : 
						{
							"SPER" : 11,
							"TOTIM" : 3.01000000e+002,
							"TSTP" : 10
						}
					},
					{
						"MASTER" : 
						{
							"SPER" : 11,
							"TOTIM" : 2.79736041e+002,
							"TSTP" : 4
						},
						"cumb_v2.1b.cbc" : 
						{
							"SPER" : 11,
							"TOTIM" : 3.01000000e+002,
							"TSTP" : 10
						},
						"cumb_v2.1b.hds" : 
						{
							"SPER" : 11,
							"TOTIM" : 3.01000000e+002,
							"TSTP" : 10
						}
					},
					{
						"MASTER" : 
						{
							"SPER" : 11,
							"TOTIM" : 2.82492007e+002,
							"TSTP" : 5
						},
						"cumb_v2.1b.cbc" : 
						{
							"SPER" : 11,
							"TOTIM" : 3.01000000e+002,
							"TSTP" : 10
						},
						"cumb_v2.1b.hds" : 
						{
							"SPER" : 11,
							"TOTIM" : 3.01000000e+002,
							"TSTP" : 10
						}
					},
					{
						"MASTER" : 
						{
							"SPER" : 11,
							"TOTIM" : 2.85523570e+002,
							"TSTP" : 6
						},
						"cumb_v2.1b.cbc" : 
						{
							"SPER" : 11,
							"TOTIM" : 3.01000000e+002,
							"TSTP" : 10
						},
						"cumb_v2.1b.hds" : 
						{
							"SPER" : 11,
							"TOTIM" : 3.01000000e+002,
							"TSTP" : 10
						}
					},
					{
						"MASTER" : 
						{
							"SPER" : 11,
							"TOTIM" : 2.88858289e+002,
							"TSTP" : 7
						},
						"cumb_v2.1b.cbc" : 
						{
							"SPER" : 11,
							"TOTIM" : 3.01000000e+002,
							"TSTP" : 10
						},
						"cumb_v2.1b.hds" : 
						{
							"SPER" : 11,
							"TOTIM" : 3.01000000e+002,
							"TSTP" : 10
						}
					},
					{
						"MASTER" : 
						{
							"SPER" : 11,
							"TOTIM" : 2.92526479e+002,
							"TSTP" : 8
						},
						"cumb_v2.1b.cbc" : 
						{
							"SPER" : 11,
							"TOTIM" : 3.01000000e+002,
							"TSTP" : 10
						},
						"cumb_v2.1b.hds" : 
						{
							"SPER" : 11,
							"TOTIM" : 3.01000000e+002,
							"TSTP" : 10
						}
					},
					{
						"MASTER" : 
						{
							"SPER" : 11,
							"TOTIM" : 2.96561489e+002,
							"TSTP" : 9
						},
						"cumb_v2.1b.cbc" : 
						{
							"SPER" : 11,
							"TOTIM" : 3.01000000e+002,
							"TSTP" : 10
						},
						"cumb_v2.1b.hds" : 
						{
							"SPER" : 11,
							"TOTIM" : 3.01000000e+002,
							"TSTP" : 10
						}
					},
					{
						"MASTER" : 
						{
							"SPER" : 11,
							"TOTIM" : 3.01000000e+002,
							"TSTP" : 10
						},
						"cumb_v2.1b.cbc" : 
						{
							"SPER" : 11,
							"TOTIM" : 3.01000000e+002,
							"TSTP" : 10
						},
						"cumb_v2.1b.hds" : 
						{
							"SPER" : 11,
							"TOTIM" : 3.01000000e+002,
							"TSTP" : 10
						}
					},
					{
						"MASTER" : 
						{
							"SPER" : 12,
							"TOTIM" : 3.02882362e+002,
							"TSTP" : 1
						},
						"cumb_v2.1b.cbc" : 
						{
							"SPER" : 12,
							"TOTIM" : 3.31000000e+002,
							"TSTP" : 10
						},
						"cumb_v2.1b.hds" : 
						{
							"SPER" : 12,
							"TOTIM" : 3.31000000e+002,
							"TSTP" : 10
						}
					},
					{
						"MASTER" : 
						{
							"SPER" : 12,
							"TOTIM" : 3.04952960e+002,
							"TSTP" : 2
						},
						"cumb_v2.1b.cbc" : 
						{
							"SPER" : 12,
							"TOTIM" : 3.31000000e+002,
							"TSTP" : 10
						},
						"cumb_v2.1b.hds" : 
						{
							"SPER" : 12,
							"TOTIM" : 3.31000000e+002,
							"TSTP" : 10
						}
					},
					{
						"MASTER" : 
						{
							"SPER" : 12,
							"TOTIM" : 3.07230618e+002,
							"TSTP" : 3
						},
						"cumb_v2.1b.cbc" : 
						{
							"SPER" : 12,
							"TOTIM" : 3.31000000e+002,
							"TSTP" : 10
						},
						"cumb_v2.1b.hds" : 
						{
							"SPER" : 12,
							"TOTIM" : 3.31000000e+002,
							"TSTP" : 10
						}
					},
					{
						"MASTER" : 
						{
							"SPER" : 12,
							"TOTIM" : 3.09736041e+002,
							"TSTP" : 4
						},
						"cumb_v2.1b.cbc" : 
						{
							"SPER" : 12,
							"TOTIM" : 3.31000000e+002,
							"TSTP" : 10
						},
						"cumb_v2.1b.hds" : 
						{
							"SPER" : 12,
							"TOTIM" : 3.31000000e+002,
							"TSTP" : 10
						}
					},
					{
						"MASTER" : 
						{
							"SPER" : 12,
							"TOTIM" : 3.12492007e+002,
							"TSTP" : 5
						},
						"cumb_v2.1b.cbc" : 
						{
							"SPER" : 12,
							"TOTIM" : 3.31000000e+002,
							"TSTP" : 10
						},
						"cumb_v2.1b.hds" : 
						{
							"SPER" : 12,
							"TOTIM" : 3.31000000e+002,
							"TSTP" : 10
						}
					},
					{
						"MASTER" : 
						{
							"SPER" : 12,
							"TOTIM" : 3.15523570e+002,
							"TSTP" : 6
						},
						"cumb_v2.1b.cbc" : 
						{
							"SPER" : 12,
							"TOTIM" : 3.31000000e+002,
							"TSTP" : 10
						},
						"cumb_v2.1b.hds" : 
						{
							"SPER" : 12,
							"TOTIM" : 3.31000000e+002,
							"TSTP" : 10
						}
					},
					{
						"MASTER" : 
						{
							"SPER" : 12,
							"TOTIM" : 3.18858289e+002,
							"TSTP" : 7
						},
						"cumb_v2.1b.cbc" : 
						{
							"SPER" : 12,
							"TOTIM" : 3.31000000e+002,
							"TSTP" : 10
						},
						"cumb_v2.1b.hds" : 
						{
							"SPER" : 12,
							"TOTIM" : 3.31000000e+002,
							"TSTP" : 10
						}
					},
					{
						"MASTER" : 
						{
							"SPER" : 12,
							"TOTIM" : 3.22526479e+002,
							"TSTP" : 8
						},
						"cumb_v2.1b.cbc" : 
						{
							"SPER" : 12,
							"TOTIM" : 3.31000000e+002,
							"TSTP" : 10
						},
						"cumb_v2.1b.hds" : 
						{
							"SPER" : 12,
							"TOTIM" : 3.31000000e+002,
							"TSTP" : 10
						}
					},
					{
						"MASTER" : 
						{
							"SPER" : 12,
							"TOTIM" : 3.26561489e+002,
							"TSTP" : 9
						},
						"cumb_v2.1b.cbc" : 
						{
							"SPER" : 12,
							"TOTIM" : 3.31000000e+002,
							"TSTP" : 10
						},
						"cumb_v2.1b.hds" : 
						{
							"SPER" : 12,
							"TOTIM" : 3.31000000e+002,
							"TSTP" : 10
						}
					},
					{
						"MASTER" : 
						{
							"SPER" : 12,
							"TOTIM" : 3.31000000e+002,
							"TSTP" : 10
						},
						"cumb_v2.1b.cbc" : 
						{
							"SPER" : 12,
							"TOTIM" : 3.31000000e+002,
							"TSTP" : 10
						},
						"cumb_v2.1b.hds" : 
						{
							"SPER" : 12,
							"TOTIM" : 3.31000000e+002,
							"TSTP" : 10
						}
					},
					{
						"MASTER" : 
						{
							"SPER" : 13,
							"TOTIM" : 3.32882362e+002,
							"TSTP" : 1
						},
						"cumb_v2.1b.cbc" : 
						{
							"SPER" : 13,
							"TOTIM" : 3.61000000e+002,
							"TSTP" : 10
						},
						"cumb_v2.1b.hds" : 
						{
							"SPER" : 13,
							"TOTIM" : 3.61000000e+002,
							"TSTP" : 10
						}
					},
					{
						"MASTER" : 
						{
							"SPER" : 13,
							"TOTIM" : 3.34952960e+002,
							"TSTP" : 2
						},
						"cumb_v2.1b.cbc" : 
						{
							"SPER" : 13,
							"TOTIM" : 3.61000000e+002,
							"TSTP" : 10
						},
						"cumb_v2.1b.hds" : 
						{
							"SPER" : 13,
							"TOTIM" : 3.61000000e+002,
							"TSTP" : 10
						}
					},
					{
						"MASTER" : 
						{
							"SPER" : 13,
							"TOTIM" : 3.37230618e+002,
							"TSTP" : 3
						},
						"cumb_v2.1b.cbc" : 
						{
							"SPER" : 13,
							"TOTIM" : 3.61000000e+002,
							"TSTP" : 10
						},
						"cumb_v2.1b.hds" : 
						{
							"SPER" : 13,
							"TOTIM" : 3.61000000e+002,
							"TSTP" : 10
						}
					},
					{
						"MASTER" : 
						{
							"SPER" : 13,
							"TOTIM" : 3.39736041e+002,
							"TSTP" : 4
						},
						"cumb_v2.1b.cbc" : 
						{
							"SPER" : 13,
							"TOTIM" : 3.61000000e+002,
							"TSTP" : 10
						},
						"cumb_v2.1b.hds" : 
						{
							"SPER" : 13,
							"TOTIM" : 3.61000000e+002,
							"TSTP" : 10
						}
					},
					{
						"MASTER" : 
						{
							"SPER" : 13,
							"TOTIM" : 3.42492007e+002,
							"TSTP" : 5
						},
						"cumb_v2.1b.cbc" : 
						{
							"SPER" : 13,
							"TOTIM" : 3.61000000e+002,
							"TSTP" : 10
						},
						"cumb_v2.1b.hds" : 
						{
							"SPER" : 13,
							"TOTIM" : 3.61000000e+002,
							"TSTP" : 10
						}
					},
					{
						"MASTER" : 
						{
							"SPER" : 13,
							"TOTIM" : 3.45523570e+002,
							"TSTP" : 6
						},
						"cumb_v2.1b.cbc" : 
						{
							"SPER" : 13,
							"TOTIM" : 3.61000000e+002,
							"TSTP" : 10
						},
						"cumb_v2.1b.hds" : 
						{
							"SPER" : 13,
							"TOTIM" : 3.61000000e+002,
							"TSTP" : 10
						}
					},
					{
						"MASTER" : 
						{
							"SPER" : 13,
							"TOTIM" : 3.48858289e+002,
							"TSTP" : 7
						},
						"cumb_v2.1b.cbc" : 
						{
							"SPER" : 13,
							"TOTIM" : 3.61000000e+002,
							"TSTP" : 10
						},
						"cumb_v2.1b.hds" : 
						{
							"SPER" : 13,
							"TOTIM" : 3.61000000e+002,
							"TSTP" : 10
						}
					},
					{
						"MASTER" : 
						{
							"SPER" : 13,
							"TOTIM" : 3.52526479e+002,
							"TSTP" : 8
						},
						"cumb_v2.1b.cbc" : 
						{
							"SPER" : 13,
							"TOTIM" : 3.61000000e+002,
							"TSTP" : 10
						},
						"cumb_v2.1b.hds" : 
						{
							"SPER" : 13,
							"TOTIM" : 3.61000000e+002,
							"TSTP" : 10
						}
					},
					{
						"MASTER" : 
						{
							"SPER" : 13,
							"TOTIM" : 3.56561489e+002,
							"TSTP" : 9
						},
						"cumb_v2.1b.cbc" : 
						{
							"SPER" : 13,
							"TOTIM" : 3.61000000e+002,
							"TSTP" : 10
						},
						"cumb_v2.1b.hds" : 
						{
							"SPER" : 13,
							"TOTIM" : 3.61000000e+002,
							"TSTP" : 10
						}
					},
					{
						"MASTER" : 
						{
							"SPER" : 13,
							"TOTIM" : 3.61000000e+002,
							"TSTP" : 10
						},
						"cumb_v2.1b.cbc" : 
						{
							"SPER" : 13,
							"TOTIM" : 3.61000000e+002,
							"TSTP" : 10
						},
						"cumb_v2.1b.hds" : 
						{
							"SPER" : 13,
							"TOTIM" : 3.61000000e+002,
							"TSTP" : 10
						}
					}
				]
			},
			"Model type" : "USGS Hydrologic Framework",
			"Note(s)" : 
			[
				"Successfully read USGS Framework files.",
				"Successfully copied necessary MODFLOW values/arrays.",
				"Successfully indexed head-save file.",
				"Successfully indexed cell-by-cell flow file."
			],
			"Output precision" : "double",
			"Stress period(s)" : 
			{
				"Number of periods" : 13,
				"Periods" : 
				[
					[             "TSTP",             "SPER",             "DELT",            "TOTIM",             "TYPE" ],
					[                  1,                  1,    6.27453949e-002,    6.27453949e-002 ],
					[                  2,                  1,    6.90199344e-002,    1.31765329e-001 ],
					[                  3,                  1,    7.59219278e-002,    2.07687257e-001 ],
					[                  4,                  1,    8.35141206e-002,    2.91201378e-001 ],
					[                  5,                  1,    9.18655326e-002,    3.83066910e-001 ],
					[                  6,                  1,    1.01052086e-001,    4.84118996e-001 ],
					[                  7,                  1,    1.11157295e-001,    5.95276291e-001 ],
					[                  8,                  1,    1.22273024e-001,    7.17549315e-001 ],
					[                  9,                  1,    1.34500326e-001,    8.52049641e-001 ],
					[                 10,                  1,    1.47950359e-001,    1.00000000e+000 ],
					[                  1,                  2,    1.88236185e+000,    2.88236185e+000 ],
					[                  2,                  2,    2.07059803e+000,    4.95295988e+000 ],
					[                  3,                  2,    2.27765783e+000,    7.23061771e+000 ],
					[                  4,                  2,    2.50542362e+000,    9.73604133e+000 ],
					[                  5,                  2,    2.75596598e+000,    1.24920073e+001 ],
					[                  6,                  2,    3.03156258e+000,    1.55235699e+001 ],
					[                  7,                  2,    3.33471884e+000,    1.88582887e+001 ],
					[                  8,                  2,    3.66819072e+000,    2.25264794e+001 ],
					[                  9,                  2,    4.03500979e+000,    2.65614892e+001 ],
					[                 10,                  2,    4.43851077e+000,    3.10000000e+001 ],
					[                  1,                  3,    1.88236185e+000,    3.28823618e+001 ],
					[                  2,                  3,    2.07059803e+000,    3.49529599e+001 ],
					[                  3,                  3,    2.27765783e+000,    3.72306177e+001 ],
					[                  4,                  3,    2.50542362e+000,    3.97360413e+001 ],
					[                  5,                  3,    2.75596598e+000,    4.24920073e+001 ],
					[                  6,                  3,    3.03156258e+000,    4.55235699e+001 ],
					[                  7,                  3,    3.33471884e+000,    4.88582887e+001 ],
					[                  8,                  3,    3.66819072e+000,    5.25264794e+001 ],
					[                  9,                  3,    4.03500979e+000,    5.65614892e+001 ],
					[                 10,                  3,    4.43851077e+000,    6.10000000e+001 ],
					"... Skipped periods - use the VERBOSE command line switch to see all ...",
					[                  1,                 10,    1.88236185e+000,    2.42882362e+002 ],
					[                  2,                 10,    2.07059803e+000,    2.44952960e+002 ],
					[                  3,                 10,    2.27765783e+000,    2.47230618e+002 ],
					[                  4,                 10,    2.50542362e+000,    2.49736041e+002 ],
					[                  5,                 10,    2.75596598e+000,    2.52492007e+002 ],
					[                  6,                 10,    3.03156258e+000,    2.55523570e+002 ],
					[                  7,                 10,    3.33471884e+000,    2.58858289e+002 ],
					[                  8,                 10,    3.66819072e+000,    2.62526479e+002 ],
					[                  9,                 10,    4.03500979e+000,    2.66561489e+002 ],
					[                 10,                 10,    4.43851077e+000,    2.71000000e+002 ],
					[                  1,                 11,    1.88236185e+000,    2.72882362e+002 ],
					[                  2,                 11,    2.07059803e+000,    2.74952960e+002 ],
					[                  3,                 11,    2.27765783e+000,    2.77230618e+002 ],
					[                  4,                 11,    2.50542362e+000,    2.79736041e+002 ],
					[                  5,                 11,    2.75596598e+000,    2.82492007e+002 ],
					[                  6,                 11,    3.03156258e+000,    2.85523570e+002 ],
					[                  7,                 11,    3.33471884e+000,    2.88858289e+002 ],
					[                  8,                 11,    3.66819072e+000,    2.92526479e+002 ],
					[                  9,                 11,    4.03500979e+000,    2.96561489e+002 ],
					[                 10,                 11,    4.43851077e+000,    3.01000000e+002 ],
					[                  1,                 12,    1.88236185e+000,    3.02882362e+002 ],
					[                  2,                 12,    2.07059803e+000,    3.04952960e+002 ],
					[                  3,                 12,    2.27765783e+000,    3.07230618e+002 ],
					[                  4,                 12,    2.50542362e+000,    3.09736041e+002 ],
					[                  5,                 12,    2.75596598e+000,    3.12492007e+002 ],
					[                  6,                 12,    3.03156258e+000,    3.15523570e+002 ],
					[                  7,                 12,    3.33471884e+000,    3.18858289e+002 ],
					[                  8,                 12,    3.66819072e+000,    3.22526479e+002 ],
					[                  9,                 12,    4.03500979e+000,    3.26561489e+002 ],
					[                 10,                 12,    4.43851077e+000,    3.31000000e+002 ],
					[                  1,                 13,    1.88236185e+000,    3.32882362e+002 ],
					[                  2,                 13,    2.07059803e+000,    3.34952960e+002 ],
					[                  3,                 13,    2.27765783e+000,    3.37230618e+002 ],
					[                  4,                 13,    2.50542362e+000,    3.39736041e+002 ],
					[                  5,                 13,    2.75596598e+000,    3.42492007e+002 ],
					[                  6,                 13,    3.03156258e+000,    3.45523570e+002 ],
					[                  7,                 13,    3.33471884e+000,    3.48858289e+002 ],
					[                  8,                 13,    3.66819072e+000,    3.52526479e+002 ],
					[                  9,                 13,    4.03500979e+000,    3.56561489e+002 ],
					[                 10,                 13,    4.43851077e+000,    3.61000000e+002 ]
				]
			},
			"TDIS file" : "cumb_v2.1b.tdis",
			"Tracking Stress Period - Range" : 
			{
				"Table" : 
				[
					[             "TSTP",             "SPER",            "BEGIN",            "TOTIM",             "DELT" ],
					[                  1,                  1,    0.00000000e+000,    6.27453949e-002,    6.27453949e-002 ],
					[                 10,                  5,    1.16561489e+002,    1.20000000e+002,    3.43851077e+000 ]
				]
			}
		}
	},
	{
		"Simulation(s)" : 
		[
			{
				"cumb_v2.1b" : 
				{
					"Adaptive_Step_Error" : 1.00000000e-006,
					"Euler_DT" : 1.00000000e-007,
					"Initial_Stepsize" : 1.00000000e-001,
					"Option(s)" : [ "track_to_termination" ],
					"Particle_Start_Locations" : 
					{
						"Attributes" : 
						{
							"Additional" : [          "locname" ],
							"CellID_Attr" : "node",
							"Time_Attr" : "timerel",
							"ZLoc_Attr" : "zloc"
						},
						"File" : "C:/Users/lukem/Python/Projects/simple_modflow/modflow/mp3du/deep_lake_particles",
						"Maximum_Release_Time" : 0.00000000e+000,
						"Minimum_Release_Time" : 0.00000000e+000,
						"Number_of_Particles" : 1042
					},
					"Simulation_End_Time" : 1.20000000e+002,
					"Stagnation_DT" : 1.00000000e-015,
					"Tracking_Direction" : "Forward",
					"Well_Capture_Radius" : 1.00000000e+001
				}
			}
		]
	},
	{
		"Warning(s)" : null
	},
	{
		"Error(s)" : null
	}
]
