[
	{
		"Program Information" : 
		{
			"Developer" : "S.S. Papadopulos & Assoc. Inc.",
			"Title" : "writeP3DGSF",
			"Version" : 
			{
				"Date" : "10/2022",
				"Number" : "2.1.7"
			}
		}
	},
	{
		"Timing" : 
		{
			"Elapsed" : 
			{
				"minutes" : 3.83210250e-002,
				"seconds" : 2.29926150e+000
			},
			"Finished" : "Wed Dec 18 09:15:15 2024\n",
			"Started" : "Wed Dec 18 09:15:13 2024\n"
		}
	},
	{
		"Transformation" : 
		{
			"rot" : 0.00000000e+000,
			"xoff" : 0.00000000e+000,
			"yoff" : 0.00000000e+000
		}
	},
	{
		"Flow Model" : 
		{
			"GRB file" : "cumb_v2.1b.disv.grb",
			"GSF" : 
			[
				{
					"NVERT" : 61172
				}
			],
			"Grid" : 
			{
				"Last node-number in layer" : [              27771 ],
				"Number of layers" : 1,
				"Number of nodes" : 27771,
				"Type" : "Unstructured"
			},
			"Model type" : "USGS Hydrologic Framework",
			"Note(s)" : 
			[
				"Successfully read USGS Framework files.",
				"Successfully copied necessary MODFLOW values/arrays."
			]
		}
	},
	{
		"Warning(s)" : null
	},
	{
		"Error(s)" : null
	}
]
