[
	{
		"Program Information" : 
		{
			"Developer" : "S.S. Papadopulos & Assoc. Inc.",
			"Title" : "writeP3DOutput",
			"Version" : 
			{
				"Date" : "10/2022",
				"Number" : "2.1.7"
			}
		}
	},
	{
		"Timing" : 
		{
			"Elapsed" : 
			{
				"minutes" : 1.60146363e-001,
				"seconds" : 9.60878180e+000
			},
			"Finished" : "Wed Dec 18 09:16:05 2024\n",
			"Started" : "Wed Dec 18 09:15:56 2024\n"
		}
	},
	{
		"OUTPUTS" : 
		{
			"COUNT" : 6,
			"DBF_TABLE" : 
			{
				"FILE_NAME" : "NAME_OF_OUTPUT.dbf"
			},
			"ENDPOINTS" : 
			{
				"FILE_NAME" : "NAME_04_OF_OUTPUT.shp"
			},
			"PATHLINE_PARTS" : 
			{
				"FILE_NAME" : "NAME_02_OF_OUTPUT.shp"
			},
			"PATHLINE_WHOLE" : 
			{
				"FILE_NAME" : "NAME_01_OF_OUTPUT.shp"
			},
			"POINTS_IN_TIME" : 
			{
				"FILE_NAME" : "NAME_03_OF_OUTPUT.shp"
			},
			"SUMMARY" : null,
			"TYPES" : [          "SUMMARY",        "DBF_TABLE",   "PATHLINE_WHOLE",   "PATHLINE_PARTS",   "POINTS_IN_TIME",         "ENDPOINT" ]
		}
	},
	{
		"Warning(s)" : null
	},
	{
		"Error(s)" : null
	}
]
