                                   MODFLOW 6
                U.S. GEOLOGICAL SURVEY MODULAR HYDROLOGIC MODEL
                          GROUNDWATER FLOW MODEL (GWF)
                            VERSION 6.6.2 05/12/2025

   MODFLOW 6 compiled May 24 2025 11:42:11 with Intel(R) Fortran Intel(R) 64
   Compiler Classic for applications running on Intel(R) 64, Version 2021.7.0
                             Build 20220726_000000

This software has been approved for release by the U.S. Geological 
Survey (USGS). Although the software has been subjected to rigorous 
review, the USGS reserves the right to update the software as needed 
pursuant to further analysis and review. No warranty, expressed or 
implied, is made by the USGS or the U.S. Government as to the 
functionality of the software and related material nor shall the 
fact of release constitute any such warranty. Furthermore, the 
software is released on condition that neither the USGS nor the U.S. 
Government shall be held liable for any damages resulting from its 
authorized or unauthorized use. Also refer to the USGS Water 
Resources Software User Rights Notice for complete use, copyright, 
and distribution information.


As a work of the United States Government, this USGS product is 
in the public domain within the United States. You can copy, 
modify, distribute, and perform the work, even for commercial 
purposes, all without asking permission. Additionally, USGS 
waives copyright and related rights in the work worldwide 
through CC0 1.0 Universal Public Domain Dedication 
(https://creativecommons.org/publicdomain/zero/1.0/).

The following GNU Lesser General Public License (LGPL) libraries
are used in this USGS product:

    SPARSKIT version 2.0
      ilut, luson, and qsplit 
      (https://www-users.cse.umn.edu/~saad/software/SPARSKIT/)

    RCM - Reverse Cuthill McKee Ordering
      (https://people.math.sc.edu/Burkardt/f_src/rcm/rcm.html)

    BLAS - Basic Linear Algebra Subprograms Level 1
      (https://people.math.sc.edu/Burkardt/f_src/blas1_d/blas1_d.html)

    SPARSEKIT - Sparse Matrix Utility Package
      amux, dperm, dvperm, rperm, and cperm
      (https://people.sc.fsu.edu/~jburkardt/f77_src/sparsekit/sparsekit.html)

The following BSD-3 License libraries are used in this USGS product:

    Modern Fortran DAG Library
      Copyright (c) 2018, Jacob Williams
      All rights reserved.
      (https://github.com/jacobwilliams/daglib)

MODFLOW 6 compiler options: /O2 /heap-arrays:0 /fpe:0 /traceback /nologo /fpp
/c /module:win64\mod_mf6\ /object:win64\obj_mf6\

System command used to initiate simulation:
C:\Users\lukem\Python\PATH\modflow_exe\mf6.exe

MODFLOW was compiled using uniform precision.

Real Variables
  KIND: 8
  TINY (smallest non-zero value):    2.225074-308
  HUGE (largest value):    1.797693+308
  PRECISION: 15
  SIZE IN BITS: 64

Integer Variables
  KIND: 4
  HUGE (largest value): 2147483647
  SIZE IN BITS: 32

Long Integer Variables
  KIND: 8
  HUGE (largest value): 9223372036854775807
  SIZE IN BITS: 64

Logical Variables
  KIND: 4
  SIZE IN BITS: 32
 
 NAMEFILE OPTIONS:
    NEWTON-RAPHSON method enabled for the model.
    NEWTON-RAPHSON UNDER-RELAXATION based on the bottom elevation of the model will be applied to the model.
    FLOWS WILL BE SAVED TO BUDGET FILE SPECIFIED IN OUTPUT CONTROL
 END NAMEFILE OPTIONS:

 DISV -- VERTEX GRID DISCRETIZATION PACKAGE, VERSION 1 : 12/23/2015 - INPUT READ FROM MEMPATH: __INPUT__/RELATED_RUN/DISV                        


 Setting Discretization Options
    Model length unit [0=UND, 1=FEET, 2=METERS, 3=CENTIMETERS] set as 1
 End Setting Discretization Options

 Setting Discretization Dimensions
    NLAY = 1
    NCPL = 1552
    NVERT = 3222
 End Setting Discretization Dimensions

 Setting Discretization Griddata
    TOP set from input file
    BOTM set from input file
 End Setting Discretization Griddata

 Discretization Vertex data loaded
 Discretization Cell2d data loaded

 NPF -- NODE PROPERTY FLOW PACKAGE, VERSION 1, 3/30/2015 INPUT READ FROM MEMPATH: __INPUT__/RELATED_RUN/NPF                         


 IC -- Initial Conditions Package, Version 8, 3/28/2015 input read from mempath: __INPUT__/RELATED_RUN/IC                          


 Setting NPF Options
    Cell-by-cell flow information will be saved to binary file whenever ICBCFL is not zero.
    Saturation will be written to DATA-SAT in budget file when requested.
 End Setting NPF Options

 Setting NPF Griddata
    ICELLTYPE set from input file
    K set from input file
    K33 not provided.  Setting K33 = K.
    K22 not provided.  Setting K22 = K.
 End Setting NPF Griddata


 RCH   -- RCH PACKAGE, VERSION 8, 2/22/2014 INPUT READ FROM MEMPATH: __INPUT__/RELATED_RUN/RCH                         

 PROCESSING RCH BASE OPTIONS
    FLOWS WILL BE SAVED TO BUDGET FILE SPECIFIED IN OUTPUT CONTROL
 END OF RCH BASE OPTIONS

 PROCESSING RCH OPTIONS
 END OF RCH OPTIONS

 PROCESSING RCH BASE DIMENSIONS
    MAXBOUND =    1552
 END OF RCH BASE DIMENSIONS

 CHD   -- CHD PACKAGE, VERSION 8, 2/22/2014 INPUT READ FROM MEMPATH: __INPUT__/RELATED_RUN/CHD                         

 PROCESSING CHD BASE OPTIONS
    FLOWS WILL BE SAVED TO BUDGET FILE SPECIFIED IN OUTPUT CONTROL
 END OF CHD BASE OPTIONS

 PROCESSING CHD BASE DIMENSIONS
    MAXBOUND =     135
 END OF CHD BASE DIMENSIONS

 SFR   -- SFR PACKAGE, VERSION 8, 2/22/2014 INPUT READ FROM UNIT 1012
 # File generated by Flopy version 3.9.5 on 04/27/2026 at 15:45:08.

 PROCESSING SFR OPTIONS
    LISTS OF SFR CELLS WILL BE PRINTED.
    SFR FLOWS WILL BE PRINTED TO LISTING FILE.
    FLOWS WILL BE SAVED TO BUDGET FILE SPECIFIED IN OUTPUT CONTROL

 OPENED sfr_stage.sfr
 FILE TYPE:DATA(BINARY)   UNIT 1017   STATUS:REPLACE             
 FORMAT:UNFORMATTED            ACCESS:STREAM              
 ACTION:READWRITE           

    SFR  STAGE  WILL BE SAVED TO FILE: sfr_stage.sfr
    OPENED ON UNIT: 1017

 OPENED sfr_budget.sfr
 FILE TYPE:DATA(BINARY)   UNIT 1018   STATUS:REPLACE             
 FORMAT:UNFORMATTED            ACCESS:STREAM              
 ACTION:READWRITE           

    SFR  BUDGET  WILL BE SAVED TO FILE: sfr_budget.sfr
    OPENED ON UNIT: 1018
    MAXIMUM SFR PICARD ITERATION VALUE (1) SPECIFIED.
    MAXIMUM SFR ITERATION VALUE (1000) SPECIFIED.
    MAXIMUM DEPTH CHANGE VALUE (.1000000000000000E-01) SPECIFIED.
    LENGTH CONVERSION VALUE (3.280810000000000) SPECIFIED.
    TIME CONVERSION VALUE (86400.00000000000) SPECIFIED.
 END OF SFR OPTIONS

 PROCESSING SFR DIMENSIONS
    NREACHES = 44
 END OF SFR DIMENSIONS

 PROCESSING SFR PACKAGEDATA
 END OF SFR PACKAGEDATA

 PROCESSING SFR CONNECTIONDATA
 END OF SFR CONNECTIONDATA

 LAK   -- LAK PACKAGE, VERSION 8, 2/22/2014 INPUT READ FROM UNIT 1013
 # File generated by Flopy version 3.9.5 on 04/27/2026 at 15:45:08.

 PROCESSING LAK OPTIONS
    LAK STAGES WILL BE PRINTED TO LISTING FILE.
    FLOWS WILL BE SAVED TO BUDGET FILE SPECIFIED IN OUTPUT CONTROL

 OPENED related_run_stage.lak
 FILE TYPE:DATA(BINARY)   UNIT 1019   STATUS:REPLACE             
 FORMAT:UNFORMATTED            ACCESS:STREAM              
 ACTION:READWRITE           

    LAK  STAGE  WILL BE SAVED TO FILE: related_run_stage.lak
    OPENED ON UNIT: 1019

 OPENED related_run_budget.lak
 FILE TYPE:DATA(BINARY)   UNIT 1020   STATUS:REPLACE             
 FORMAT:UNFORMATTED            ACCESS:STREAM              
 ACTION:READWRITE           

    LAK  BUDGET  WILL BE SAVED TO FILE: related_run_budget.lak
    OPENED ON UNIT: 1020

 OPENED related_run_lake_budget.csv
 FILE TYPE:CSV   UNIT 1021   STATUS:REPLACE             
 FORMAT:FORMATTED              ACCESS:SEQUENTIAL          
 ACTION:READWRITE           

    LAK  BUDGET CSV  WILL BE SAVED TO FILE: related_run_lake_budget.csv
    OPENED ON UNIT: 1021

 OPENED related_run_lake_convergence.csv
 FILE TYPE:CSV   UNIT 1022   STATUS:REPLACE             
 FORMAT:FORMATTED              ACCESS:SEQUENTIAL          
 ACTION:READWRITE           

    LAK  PACKAGE_CONVERGENCE  WILL BE SAVED TO FILE: related_run_lake_convergence.csv
    OPENED ON UNIT: 1022
    LAKE SURFDEP VALUE (   0.000000    ) SPECIFIED.
    MAXIMUM LAK ITERATION VALUE (100) SPECIFIED.
    MAXIMUM STAGE CHANGE VALUE (.1000000000000000E-04) SPECIFIED.
    TIME CONVERSION VALUE (   86400.00    ) SPECIFIED.
    LENGTH CONVERSION VALUE (   3.280810    ) SPECIFIED.
 END OF LAK OPTIONS

 PROCESSING LAK DIMENSIONS
    NLAKES =       1
    NOUTLETS =       0
    NTABLES =       0
 END OF LAK DIMENSIONS

 PROCESSING LAK PACKAGEDATA
 END OF LAK PACKAGEDATA


    MAXBOUND =      24

 PROCESSING LAK LAKE_CONNECTIONS
 END OF LAK CONNECTIONDATA

 UZF   -- UZF CELLS PACKAGE, VERSION 8, 2/22/2014 INPUT READ FROM UNIT 1014
 # File generated by Flopy version 3.9.5 on 04/27/2026 at 15:45:08.

 PROCESSING UZF CELLS OPTIONS
    FLOWS WILL BE SAVED TO BUDGET FILE SPECIFIED IN OUTPUT CONTROL

 OPENED related_run_budget.uzf
 FILE TYPE:DATA(BINARY)   UNIT 1023   STATUS:REPLACE             
 FORMAT:UNFORMATTED            ACCESS:STREAM              
 ACTION:READWRITE           

    UZF  BUDGET  WILL BE SAVED TO FILE: related_run_budget.uzf
    OPENED ON UNIT: 1023

 OPENED related_run_uzf_budget.csv
 FILE TYPE:CSV   UNIT 1024   STATUS:REPLACE             
 FORMAT:FORMATTED              ACCESS:SEQUENTIAL          
 ACTION:READWRITE           

    UZF  BUDGET CSV  WILL BE SAVED TO FILE: related_run_uzf_budget.csv
    OPENED ON UNIT: 1024

 OPENED related_run_uzf_package_convergence.csv
 FILE TYPE:CSV   UNIT 1025   STATUS:REPLACE             
 FORMAT:FORMATTED              ACCESS:SEQUENTIAL          
 ACTION:READWRITE           

    UZF  PACKAGE_CONVERGENCE  WILL BE SAVED TO FILE: related_run_uzf_package_convergence.csv
    OPENED ON UNIT: 1025
 END OF UZF CELLS OPTIONS

 PROCESSING UZF CELLS DIMENSIONS
    NUZFCELLS = 1552
    NTRAILWAVES = 10
    NTRAILSETS = 50
 END OF UZF CELLS DIMENSIONS

 PROCESSING UZF CELLS PACKAGEDATA
 END OF UZF CELLS PACKAGEDATA
    STRT set from input file

 STO -- STORAGE PACKAGE, VERSION 1, 5/19/2014 INPUT READ FROM MEMPATH: __INPUT__/RELATED_RUN/STO                         


 PROCESSING STORAGE OPTIONS
    CELL-BY-CELL FLOW INFORMATION WILL BE SAVED TO BINARY FILE WHENEVER ICBCFL IS NOT ZERO.
 END OF STORAGE OPTIONS
    BINARY GRID INFORMATION WILL BE WRITTEN TO:
      UNIT NUMBER: 1026
      FILE NAME: related_run.disv.grb

 OPENED related_run.disv.grb
 FILE TYPE:DATA(BINARY)   UNIT 1026   STATUS:REPLACE             
 FORMAT:UNFORMATTED            ACCESS:STREAM              
 ACTION:READWRITE           

      THE LAST TIME STEP WILL BE PRINTED
      THE LAST TIME STEP WILL BE PRINTED
 # File generated by Flopy version 3.9.5 on 04/27/2026 at 15:45:08.

 PROCESSING OC OPTIONS

    BUDGET INFORMATION WILL BE WRITTEN TO:
      UNIT NUMBER: 1027
      FILE NAME: related_run.cbc

 OPENED related_run.cbc
 FILE TYPE:DATA(BINARY)   UNIT 1027   STATUS:REPLACE             
 FORMAT:UNFORMATTED            ACCESS:STREAM              
 ACTION:READWRITE           

    HEAD INFORMATION WILL BE WRITTEN TO:
      UNIT NUMBER: 1028
      FILE NAME: related_run.hds

 OPENED related_run.hds
 FILE TYPE:DATA(BINARY)   UNIT 1028   STATUS:REPLACE             
 FORMAT:UNFORMATTED            ACCESS:STREAM              
 ACTION:READWRITE           

 END OF OC OPTIONS
 SFR PACKAGE (SFR) CONVERSION DATA
    UNIT CONVERSION VALUE (128382.9751514183).


 SFR PACKAGE (SFR) STATIC REACH DATA
 ---------------------------------------------------------------------------------------------------------------------------------------
                                                                                                                              UPSTREAM  
   NUMBER   CELLID                  LENGTH       WIDTH        SLOPE         TOP       THICKNESS        HK       ROUGHNESS     FRACTION  
 ---------------------------------------------------------------------------------------------------------------------------------------
     1      (1,1189)              3.3829       10.000       1.00000E-03  120.52       1.0000       1.0000       3.00000E-02  1.0000     
     2      (1,1145)              0.43356      10.000       1.00000E-03  120.43       1.0000       1.0000       3.00000E-02  1.0000     
     3      (1,1033)              5.8762       10.000       1.00000E-03  120.34       1.0000       1.0000       3.00000E-02  1.0000     
     4      (1,336)               1.5300       10.000       1.00000E-03  120.26       1.0000       1.0000       3.00000E-02  1.0000     
     5      (1,337)               1.3474       10.000       1.00000E-03  120.24       1.0000       1.0000       3.00000E-02  1.0000     
     6      (1,941)               1.3889       10.000       1.00000E-03  120.21       1.0000       1.0000       3.00000E-02  1.0000     
     7      (1,955)               1.9391       10.000       1.00000E-03  120.17       1.0000       1.0000       3.00000E-02  1.0000     
     8      (1,1003)              2.8433       10.000       1.00000E-03  120.12       1.0000       1.0000       3.00000E-02  1.0000     
     9      (1,1081)              4.0225       10.000       1.00000E-03  120.04       1.0000       1.0000       3.00000E-02  1.0000     
     10     (1,1069)              0.79348      10.000       1.00000E-03  120.01       1.0000       1.0000       3.00000E-02  1.0000     
     11     (1,1149)              4.1554       10.000       1.00000E-03  119.93       1.0000       1.0000       3.00000E-02  1.0000     
     12     (1,1154)              4.6511       10.000       1.00000E-03  119.83       1.0000       1.0000       3.00000E-02  1.0000     
     13     (1,1153)              6.3689       10.000       1.00000E-03  119.72       1.0000       1.0000       3.00000E-02  1.0000     
     14     (1,1307)              8.7963       10.000       1.00000E-03  119.55       1.0000       1.0000       3.00000E-02  1.0000     
     15     (1,1319)              11.993       10.000       1.00000E-03  119.33       1.0000       1.0000       3.00000E-02  1.0000     
     16     (1,1321)              13.005       10.000       1.00000E-03  119.06       1.0000       1.0000       3.00000E-02  1.0000     
     17     (1,1400)              20.046       10.000       1.00000E-03  118.71       1.0000       1.0000       3.00000E-02  1.0000     
     18     (1,1408)              3.6898       10.000       1.00000E-03  118.22       1.0000       1.0000       3.00000E-02  1.0000     
     19     (1,1426)              21.205       10.000       1.00000E-03  118.15       1.0000       1.0000       3.00000E-02  1.0000     
     20     (1,1425)              24.838       10.000       1.00000E-03  117.65       1.0000       1.0000       3.00000E-02  1.0000     
     21     (1,1460)              16.193       10.000       1.00000E-03  117.17       1.0000       1.0000       3.00000E-02  1.0000     
     22     (1,1451)              35.590       10.000       1.00000E-03  116.65       1.0000       1.0000       3.00000E-02  1.0000     
     23     (1,1517)              41.223       10.000       1.00000E-03  115.74       1.0000       1.0000       3.00000E-02  1.0000     
     24     (1,1506)              30.214       10.000       1.00000E-03  115.01       1.0000       1.0000       3.00000E-02  1.0000     
     25     (1,1515)              30.031       10.000       1.00000E-03  114.35       1.0000       1.0000       3.00000E-02  1.0000     
     26     (1,1492)              32.275       10.000       1.00000E-03  113.68       1.0000       1.0000       3.00000E-02  1.0000     
     27     (1,1479)              22.163       10.000       1.00000E-03  113.08       1.0000       1.0000       3.00000E-02  1.0000     
     28     (1,1467)              21.693       10.000       1.00000E-03  112.60       1.0000       1.0000       3.00000E-02  1.0000     
     29     (1,1470)              15.795       10.000       1.00000E-03  112.18       1.0000       1.0000       3.00000E-02  1.0000     
     30     (1,1465)              13.520       10.000       1.00000E-03  111.85       1.0000       1.0000       3.00000E-02  1.0000     
     31     (1,1442)              4.8782       10.000       1.00000E-03  111.69       1.0000       1.0000       3.00000E-02  1.0000     
     32     (1,1423)              14.999       10.000       1.00000E-03  111.44       1.0000       1.0000       3.00000E-02  1.0000     
     33     (1,1395)              8.1562       10.000       1.00000E-03  111.19       1.0000       1.0000       3.00000E-02  1.0000     
     34     (1,1354)              5.5231       10.000       1.00000E-03  111.01       1.0000       1.0000       3.00000E-02  1.0000     
     35     (1,1374)              17.352       10.000       1.00000E-03  110.80       1.0000       1.0000       3.00000E-02  1.0000     
     36     (1,1333)              12.634       10.000       1.00000E-03  110.46       1.0000       1.0000       3.00000E-02  1.0000     
     37     (1,1276)              13.226       10.000       1.00000E-03  110.18       1.0000       1.0000       3.00000E-02  1.0000     
     38     (1,1166)              3.14371E-02  10.000       1.00000E-03  109.99       1.0000       1.0000       3.00000E-02  1.0000     
     39     (1,1158)              5.8329       10.000       1.00000E-03  109.96       1.0000       1.0000       3.00000E-02  1.0000     
     40     (1,1159)              5.0840       10.000       1.00000E-03  109.85       1.0000       1.0000       3.00000E-02  1.0000     
     41     (1,85)                4.8318       10.000       1.00000E-03  109.74       1.0000       1.0000       3.00000E-02  1.0000     
     42     (1,69)                3.5687       10.000       1.00000E-03  109.64       1.0000       1.0000       3.00000E-02  1.0000     
     43     (1,194)               3.5154       10.000       1.00000E-03  109.60       1.0000       1.0000       3.00000E-02  1.0000     
     44     (1,1194)              7.0373       10.000       1.00000E-03  109.46       1.0000       1.0000       3.00000E-02  1.0000     
 ---------------------------------------------------------------------------------------------------------------------------------------



 SFR PACKAGE (SFR) STATIC REACH CONNECTION DATA
 --------------------------------
   REACH      CONN 1     CONN 2  
 --------------------------------
     1          2                
     2          1          3     
     3          2          4     
     4          3          5     
     5          4          6     
     6          5          7     
     7          6          8     
     8          7          9     
     9          8          10    
     10         9          11    
     11         10         12    
     12         11         13    
     13         12         14    
     14         13         15    
     15         14         16    
     16         15         17    
     17         16         18    
     18         17         19    
     19         18         20    
     20         19         21    
     21         20         22    
     22         21         23    
     23         22         24    
     24         23         25    
     25         24         26    
     26         25         27    
     27         26         28    
     28         27         29    
     29         28         30    
     30         29         31    
     31         30         32    
     32         31         33    
     33         32         34    
     34         33         35    
     35         34         36    
     36         35         37    
     37         36         38    
     38         37         39    
     39         38         40    
     40         39         41    
     41         40         42    
     42         41         43    
     43         42         44    
     44         43               
 --------------------------------



 SFR PACKAGE (SFR) STATIC UPSTREAM REACH CONNECTION DATA
 ---------------------
             UPSTREAM 
   REACH      CONN 1  
 ---------------------
     1                
     2          1     
     3          2     
     4          3     
     5          4     
     6          5     
     7          6     
     8          7     
     9          8     
     10         9     
     11         10    
     12         11    
     13         12    
     14         13    
     15         14    
     16         15    
     17         16    
     18         17    
     19         18    
     20         19    
     21         20    
     22         21    
     23         22    
     24         23    
     25         24    
     26         25    
     27         26    
     28         27    
     29         28    
     30         29    
     31         30    
     32         31    
     33         32    
     34         33    
     35         34    
     36         35    
     37         36    
     38         37    
     39         38    
     40         39    
     41         40    
     42         41    
     43         42    
     44         43    
 ---------------------



 SFR PACKAGE (SFR) STATIC DOWNSTREAM REACH CONNECTION DATA
 ---------------------
            DOWNSTREAM
   REACH      CONN 1  
 ---------------------
     1          2     
     2          3     
     3          4     
     4          5     
     5          6     
     6          7     
     7          8     
     8          9     
     9          10    
     10         11    
     11         12    
     12         13    
     13         14    
     14         15    
     15         16    
     16         17    
     17         18    
     18         19    
     19         20    
     20         21    
     21         22    
     22         23    
     23         24    
     24         25    
     25         26    
     26         27    
     27         28    
     28         29    
     29         30    
     30         31    
     31         32    
     32         33    
     33         34    
     34         35    
     35         36    
     36         37    
     37         38    
     38         39    
     39         40    
     40         41    
     41         42    
     42         43    
     43         44    
     44               
 ---------------------



start timestep kper="1" kstp="1" mode="normal"


 BEGIN READING OUTPUT CONTROL FOR STRESS PERIOD 1
      THE LAST TIME STEP WILL BE SAVED
      THE LAST TIME STEP WILL BE SAVED

 END READING OUTPUT CONTROL FOR STRESS PERIOD 1


 PROCESSING STORAGE PERIOD DATA
 END PROCESSING STORAGE PERIOD DATA


 STRESS PERIOD 1 IS STEADY-STATE


 SFR PACKAGE (SFR) DATA FOR PERIOD      1
 ---------------------------------------------------------------
   NUMBER   KEYWORD                  VALUE 1         VALUE 2    
 ---------------------------------------------------------------
     1      INFLOW                     0.2                      
 ---------------------------------------------------------------



 SFR PACKAGE (SFR) CONNECTED REACH UPSTREAM FRACTION DATA
 ----------------------------------
            DOWNSTREAM             
   REACH     REACH 1    FRACTION 1 
 ----------------------------------
     1          2       1.0000     
     2          3       1.0000     
     3          4       1.0000     
     4          5       1.0000     
     5          6       1.0000     
     6          7       1.0000     
     7          8       1.0000     
     8          9       1.0000     
     9          10      1.0000     
     10         11      1.0000     
     11         12      1.0000     
     12         13      1.0000     
     13         14      1.0000     
     14         15      1.0000     
     15         16      1.0000     
     16         17      1.0000     
     17         18      1.0000     
     18         19      1.0000     
     19         20      1.0000     
     20         21      1.0000     
     21         22      1.0000     
     22         23      1.0000     
     23         24      1.0000     
     24         25      1.0000     
     25         26      1.0000     
     26         27      1.0000     
     27         28      1.0000     
     28         29      1.0000     
     29         30      1.0000     
     30         31      1.0000     
     31         32      1.0000     
     32         33      1.0000     
     33         34      1.0000     
     34         35      1.0000     
     35         36      1.0000     
     36         37      1.0000     
     37         38      1.0000     
     38         39      1.0000     
     39         40      1.0000     
     40         41      1.0000     
     41         42      1.0000     
     42         43      1.0000     
     43         44      1.0000     
     44                            
 ----------------------------------


 UBDSV1 SAVING           STO-SS ON UNIT   1027 AT TIME STEP      1, STRESS PERIOD      1
 UBDSV1 SAVING           STO-SY ON UNIT   1027 AT TIME STEP      1, STRESS PERIOD      1
 UBDSV1 SAVING     FLOW-JA-FACE ON UNIT   1027 AT TIME STEP      1, STRESS PERIOD      1
 UBDSV06 SAVING         DATA-SAT IN MODEL RELATED_RUN      PACKAGE NPF             CONNECTED TO MODEL RELATED_RUN      PACKAGE NPF              ON UNIT   1027 AT TIME STEP      1, STRESS PERIOD      1
 UBDSV06 SAVING              RCH IN MODEL RELATED_RUN      PACKAGE RELATED_RUN     CONNECTED TO MODEL RELATED_RUN      PACKAGE RCH              ON UNIT   1027 AT TIME STEP      1, STRESS PERIOD      1
 UBDSV06 SAVING              CHD IN MODEL RELATED_RUN      PACKAGE RELATED_RUN     CONNECTED TO MODEL RELATED_RUN      PACKAGE CHD              ON UNIT   1027 AT TIME STEP      1, STRESS PERIOD      1
 UBDSV06 SAVING              SFR IN MODEL RELATED_RUN      PACKAGE RELATED_RUN     CONNECTED TO MODEL RELATED_RUN      PACKAGE SFR              ON UNIT   1027 AT TIME STEP      1, STRESS PERIOD      1
 UBDSV06 SAVING              LAK IN MODEL RELATED_RUN      PACKAGE RELATED_RUN     CONNECTED TO MODEL RELATED_RUN      PACKAGE LAK              ON UNIT   1027 AT TIME STEP      1, STRESS PERIOD      1
 UBDSV06 SAVING        UZF-GWRCH IN MODEL RELATED_RUN      PACKAGE RELATED_RUN     CONNECTED TO MODEL RELATED_RUN      PACKAGE UZF              ON UNIT   1027 AT TIME STEP      1, STRESS PERIOD      1
 UBDSV06 SAVING     FLOW-JA-FACE IN MODEL RELATED_RUN      PACKAGE SFR             CONNECTED TO MODEL RELATED_RUN      PACKAGE SFR              ON UNIT   1018 AT TIME STEP      1, STRESS PERIOD      1
 UBDSV06 SAVING              GWF IN MODEL RELATED_RUN      PACKAGE SFR             CONNECTED TO MODEL RELATED_RUN      PACKAGE RELATED_RUN      ON UNIT   1018 AT TIME STEP      1, STRESS PERIOD      1
 UBDSV06 SAVING         RAINFALL IN MODEL RELATED_RUN      PACKAGE SFR             CONNECTED TO MODEL RELATED_RUN      PACKAGE SFR              ON UNIT   1018 AT TIME STEP      1, STRESS PERIOD      1
 UBDSV06 SAVING      EVAPORATION IN MODEL RELATED_RUN      PACKAGE SFR             CONNECTED TO MODEL RELATED_RUN      PACKAGE SFR              ON UNIT   1018 AT TIME STEP      1, STRESS PERIOD      1
 UBDSV06 SAVING           RUNOFF IN MODEL RELATED_RUN      PACKAGE SFR             CONNECTED TO MODEL RELATED_RUN      PACKAGE SFR              ON UNIT   1018 AT TIME STEP      1, STRESS PERIOD      1
 UBDSV06 SAVING       EXT-INFLOW IN MODEL RELATED_RUN      PACKAGE SFR             CONNECTED TO MODEL RELATED_RUN      PACKAGE SFR              ON UNIT   1018 AT TIME STEP      1, STRESS PERIOD      1
 UBDSV06 SAVING      EXT-OUTFLOW IN MODEL RELATED_RUN      PACKAGE SFR             CONNECTED TO MODEL RELATED_RUN      PACKAGE SFR              ON UNIT   1018 AT TIME STEP      1, STRESS PERIOD      1
 UBDSV06 SAVING          STORAGE IN MODEL RELATED_RUN      PACKAGE SFR             CONNECTED TO MODEL RELATED_RUN      PACKAGE SFR              ON UNIT   1018 AT TIME STEP      1, STRESS PERIOD      1
 UBDSV06 SAVING              GWF IN MODEL RELATED_RUN      PACKAGE LAK             CONNECTED TO MODEL RELATED_RUN      PACKAGE RELATED_RUN      ON UNIT   1020 AT TIME STEP      1, STRESS PERIOD      1
 UBDSV06 SAVING         RAINFALL IN MODEL RELATED_RUN      PACKAGE LAK             CONNECTED TO MODEL RELATED_RUN      PACKAGE LAK              ON UNIT   1020 AT TIME STEP      1, STRESS PERIOD      1
 UBDSV06 SAVING      EVAPORATION IN MODEL RELATED_RUN      PACKAGE LAK             CONNECTED TO MODEL RELATED_RUN      PACKAGE LAK              ON UNIT   1020 AT TIME STEP      1, STRESS PERIOD      1
 UBDSV06 SAVING           RUNOFF IN MODEL RELATED_RUN      PACKAGE LAK             CONNECTED TO MODEL RELATED_RUN      PACKAGE LAK              ON UNIT   1020 AT TIME STEP      1, STRESS PERIOD      1
 UBDSV06 SAVING       EXT-INFLOW IN MODEL RELATED_RUN      PACKAGE LAK             CONNECTED TO MODEL RELATED_RUN      PACKAGE LAK              ON UNIT   1020 AT TIME STEP      1, STRESS PERIOD      1
 UBDSV06 SAVING       WITHDRAWAL IN MODEL RELATED_RUN      PACKAGE LAK             CONNECTED TO MODEL RELATED_RUN      PACKAGE LAK              ON UNIT   1020 AT TIME STEP      1, STRESS PERIOD      1
 UBDSV06 SAVING      EXT-OUTFLOW IN MODEL RELATED_RUN      PACKAGE LAK             CONNECTED TO MODEL RELATED_RUN      PACKAGE LAK              ON UNIT   1020 AT TIME STEP      1, STRESS PERIOD      1
 UBDSV06 SAVING          STORAGE IN MODEL RELATED_RUN      PACKAGE LAK             CONNECTED TO MODEL RELATED_RUN      PACKAGE LAK              ON UNIT   1020 AT TIME STEP      1, STRESS PERIOD      1
 UBDSV06 SAVING         CONSTANT IN MODEL RELATED_RUN      PACKAGE LAK             CONNECTED TO MODEL RELATED_RUN      PACKAGE LAK              ON UNIT   1020 AT TIME STEP      1, STRESS PERIOD      1
 UBDSV06 SAVING              GWF IN MODEL RELATED_RUN      PACKAGE UZF             CONNECTED TO MODEL RELATED_RUN      PACKAGE RELATED_RUN      ON UNIT   1023 AT TIME STEP      1, STRESS PERIOD      1
 UBDSV06 SAVING     INFILTRATION IN MODEL RELATED_RUN      PACKAGE UZF             CONNECTED TO MODEL RELATED_RUN      PACKAGE UZF              ON UNIT   1023 AT TIME STEP      1, STRESS PERIOD      1
 UBDSV06 SAVING          REJ-INF IN MODEL RELATED_RUN      PACKAGE UZF             CONNECTED TO MODEL RELATED_RUN      PACKAGE UZF              ON UNIT   1023 AT TIME STEP      1, STRESS PERIOD      1
 UBDSV06 SAVING          STORAGE IN MODEL RELATED_RUN      PACKAGE UZF             CONNECTED TO MODEL RELATED_RUN      PACKAGE UZF              ON UNIT   1023 AT TIME STEP      1, STRESS PERIOD      1

 SFR PACKAGE (SFR) FLOW RATES   PERIOD      1   STEP        1
 -----------------------------------------------
   NUMBER   CELLID                    RATE      
 -----------------------------------------------
     1      (1,1189)              0.20000000    
     2      (1,1145)              0.0000000     
     3      (1,1033)              0.0000000     
     4      (1,336)               0.0000000     
     5      (1,337)               0.0000000     
     6      (1,941)               0.0000000     
     7      (1,955)               0.0000000     
     8      (1,1003)              0.0000000     
     9      (1,1081)              0.0000000     
     10     (1,1069)              0.0000000     
     11     (1,1149)              0.0000000     
     12     (1,1154)              0.0000000     
     13     (1,1153)              0.0000000     
     14     (1,1307)              0.0000000     
     15     (1,1319)              0.0000000     
     16     (1,1321)              0.0000000     
     17     (1,1400)              0.0000000     
     18     (1,1408)              0.0000000     
     19     (1,1426)              0.0000000     
     20     (1,1425)              0.0000000     
     21     (1,1460)              0.0000000     
     22     (1,1451)              0.0000000     
     23     (1,1517)              0.0000000     
     24     (1,1506)              0.0000000     
     25     (1,1515)              0.0000000     
     26     (1,1492)              0.0000000     
     27     (1,1479)              0.0000000     
     28     (1,1467)              0.0000000     
     29     (1,1470)              0.0000000     
     30     (1,1465)              0.0000000     
     31     (1,1442)              0.0000000     
     32     (1,1423)              0.0000000     
     33     (1,1395)              0.0000000     
     34     (1,1354)              0.0000000     
     35     (1,1374)              0.0000000     
     36     (1,1333)              0.0000000     
     37     (1,1276)              0.0000000     
     38     (1,1166)              0.0000000     
     39     (1,1158)              0.0000000     
     40     (1,1159)              0.0000000     
     41     (1,85)                0.0000000     
     42     (1,69)                0.0000000     
     43     (1,194)               0.0000000     
     44     (1,1194)              0.0000000     
 -----------------------------------------------




 SFR PACKAGE - SUMMARY OF FLOWS FOR EACH CONTROL VOLUME   PERIOD      1   STEP        1
 ------------------------------------------------------------------------------------------------------------------------------------------------------------------------------
                                                                                                                                                                     PERCENT   
   NUMBER   CELLID                  INFLOW      OUTFLOW        GWF        RAINFALL   EVAPORATION     RUNOFF     EXT INFLOW  EXT OUTFLOW    STORAGE      IN - OUT    DIFFERENCE 
 ------------------------------------------------------------------------------------------------------------------------------------------------------------------------------
     1      (1,1189)              0.0000       0.0000      -0.20000      0.0000       0.0000       0.0000       0.20000      0.0000       0.0000       0.0000       0.0000     
     2      (1,1145)              0.0000       0.0000       0.0000       0.0000       0.0000       0.0000       0.0000       0.0000       0.0000       0.0000       0.0000     
     3      (1,1033)              0.0000       0.0000       0.0000       0.0000       0.0000       0.0000       0.0000       0.0000       0.0000       0.0000       0.0000     
     4      (1,336)               0.0000       0.0000       0.0000       0.0000       0.0000       0.0000       0.0000       0.0000       0.0000       0.0000       0.0000     
     5      (1,337)               0.0000       0.0000       0.0000       0.0000       0.0000       0.0000       0.0000       0.0000       0.0000       0.0000       0.0000     
     6      (1,941)               0.0000       0.0000       0.0000       0.0000       0.0000       0.0000       0.0000       0.0000       0.0000       0.0000       0.0000     
     7      (1,955)               0.0000       0.0000       0.0000       0.0000       0.0000       0.0000       0.0000       0.0000       0.0000       0.0000       0.0000     
     8      (1,1003)              0.0000       0.0000       0.0000       0.0000       0.0000       0.0000       0.0000       0.0000       0.0000       0.0000       0.0000     
     9      (1,1081)              0.0000       0.0000       0.0000       0.0000       0.0000       0.0000       0.0000       0.0000       0.0000       0.0000       0.0000     
     10     (1,1069)              0.0000       0.0000       0.0000       0.0000       0.0000       0.0000       0.0000       0.0000       0.0000       0.0000       0.0000     
     11     (1,1149)              0.0000       0.0000       0.0000       0.0000       0.0000       0.0000       0.0000       0.0000       0.0000       0.0000       0.0000     
     12     (1,1154)              0.0000       0.0000       0.0000       0.0000       0.0000       0.0000       0.0000       0.0000       0.0000       0.0000       0.0000     
     13     (1,1153)              0.0000       0.0000       0.0000       0.0000       0.0000       0.0000       0.0000       0.0000       0.0000       0.0000       0.0000     
     14     (1,1307)              0.0000       0.0000       0.0000       0.0000       0.0000       0.0000       0.0000       0.0000       0.0000       0.0000       0.0000     
     15     (1,1319)              0.0000       0.0000       0.0000       0.0000       0.0000       0.0000       0.0000       0.0000       0.0000       0.0000       0.0000     
     16     (1,1321)              0.0000       0.0000       0.0000       0.0000       0.0000       0.0000       0.0000       0.0000       0.0000       0.0000       0.0000     
     17     (1,1400)              0.0000       0.0000       0.0000       0.0000       0.0000       0.0000       0.0000       0.0000       0.0000       0.0000       0.0000     
     18     (1,1408)              0.0000       0.0000       0.0000       0.0000       0.0000       0.0000       0.0000       0.0000       0.0000       0.0000       0.0000     
     19     (1,1426)              0.0000       0.0000       0.0000       0.0000       0.0000       0.0000       0.0000       0.0000       0.0000       0.0000       0.0000     
     20     (1,1425)              0.0000       0.0000       0.0000       0.0000       0.0000       0.0000       0.0000       0.0000       0.0000       0.0000       0.0000     
     21     (1,1460)              0.0000       0.0000       0.0000       0.0000       0.0000       0.0000       0.0000       0.0000       0.0000       0.0000       0.0000     
     22     (1,1451)              0.0000       0.0000       0.0000       0.0000       0.0000       0.0000       0.0000       0.0000       0.0000       0.0000       0.0000     
     23     (1,1517)              0.0000       0.0000       0.0000       0.0000       0.0000       0.0000       0.0000       0.0000       0.0000       0.0000       0.0000     
     24     (1,1506)              0.0000       0.0000       0.0000       0.0000       0.0000       0.0000       0.0000       0.0000       0.0000       0.0000       0.0000     
     25     (1,1515)              0.0000       0.0000       0.0000       0.0000       0.0000       0.0000       0.0000       0.0000       0.0000       0.0000       0.0000     
     26     (1,1492)              0.0000       0.0000       0.0000       0.0000       0.0000       0.0000       0.0000       0.0000       0.0000       0.0000       0.0000     
     27     (1,1479)              0.0000       0.0000       0.0000       0.0000       0.0000       0.0000       0.0000       0.0000       0.0000       0.0000       0.0000     
     28     (1,1467)              0.0000       0.0000       0.0000       0.0000       0.0000       0.0000       0.0000       0.0000       0.0000       0.0000       0.0000     
     29     (1,1470)              0.0000       0.0000       0.0000       0.0000       0.0000       0.0000       0.0000       0.0000       0.0000       0.0000       0.0000     
     30     (1,1465)              0.0000       0.0000       0.0000       0.0000       0.0000       0.0000       0.0000       0.0000       0.0000       0.0000       0.0000     
     31     (1,1442)              0.0000       0.0000       0.0000       0.0000       0.0000       0.0000       0.0000       0.0000       0.0000       0.0000       0.0000     
     32     (1,1423)              0.0000       0.0000       0.0000       0.0000       0.0000       0.0000       0.0000       0.0000       0.0000       0.0000       0.0000     
     33     (1,1395)              0.0000       0.0000       0.0000       0.0000       0.0000       0.0000       0.0000       0.0000       0.0000       0.0000       0.0000     
     34     (1,1354)              0.0000       0.0000       0.0000       0.0000       0.0000       0.0000       0.0000       0.0000       0.0000       0.0000       0.0000     
     35     (1,1374)              0.0000       0.0000       0.0000       0.0000       0.0000       0.0000       0.0000       0.0000       0.0000       0.0000       0.0000     
     36     (1,1333)              0.0000       0.0000       0.0000       0.0000       0.0000       0.0000       0.0000       0.0000       0.0000       0.0000       0.0000     
     37     (1,1276)              0.0000       0.0000       0.0000       0.0000       0.0000       0.0000       0.0000       0.0000       0.0000       0.0000       0.0000     
     38     (1,1166)              0.0000       0.0000       0.0000       0.0000       0.0000       0.0000       0.0000       0.0000       0.0000       0.0000       0.0000     
     39     (1,1158)              0.0000       0.0000       0.0000       0.0000       0.0000       0.0000       0.0000       0.0000       0.0000       0.0000       0.0000     
     40     (1,1159)              0.0000       0.0000       0.0000       0.0000       0.0000       0.0000       0.0000       0.0000       0.0000       0.0000       0.0000     
     41     (1,85)                0.0000       0.0000       0.0000       0.0000       0.0000       0.0000       0.0000       0.0000       0.0000       0.0000       0.0000     
     42     (1,69)                0.0000       0.0000       0.0000       0.0000       0.0000       0.0000       0.0000       0.0000       0.0000       0.0000       0.0000     
     43     (1,194)               0.0000       0.0000       0.0000       0.0000       0.0000       0.0000       0.0000       0.0000       0.0000       0.0000       0.0000     
     44     (1,1194)              0.0000       0.0000       0.0000       0.0000       0.0000       0.0000       0.0000       0.0000       0.0000       0.0000       0.0000     
 ------------------------------------------------------------------------------------------------------------------------------------------------------------------------------



 LAK PACKAGE (LAK) STAGES FOR EACH CONTROL VOLUME   PERIOD      1   STEP        1
 --------------------------------------------------------------
   NUMBER      STAGE     SURFACE AREA WETTED AREA     VOLUME   
 --------------------------------------------------------------
     1       114.63       579.40       579.40       0.0000     
 --------------------------------------------------------------



 HEAD WILL BE SAVED ON UNIT 1028 AT END OF TIME STEP    1, STRESS PERIOD    1


  SFR BUDGET FOR ENTIRE MODEL AT END OF TIME STEP    1, STRESS PERIOD   1
  ------------------------------------------------------------------------------

     CUMULATIVE SFR      L**3       RATES FOR THIS TIME STEP      L**3/T
     ------------------                 ------------------------

           IN:                                      IN:
           ---                                      ---
                 GWF =           0.0000                   GWF =           0.0000
            RAINFALL =           0.0000              RAINFALL =           0.0000
         EVAPORATION =           0.0000           EVAPORATION =           0.0000
              RUNOFF =           0.0000                RUNOFF =           0.0000
          EXT-INFLOW =           0.2000            EXT-INFLOW =           0.2000
         EXT-OUTFLOW =           0.0000           EXT-OUTFLOW =           0.0000
             STORAGE =           0.0000               STORAGE =           0.0000

            TOTAL IN =           0.2000              TOTAL IN =           0.2000

          OUT:                                     OUT:
          ----                                     ----
                 GWF =           0.2000                   GWF =           0.2000
            RAINFALL =           0.0000              RAINFALL =           0.0000
         EVAPORATION =           0.0000           EVAPORATION =           0.0000
              RUNOFF =           0.0000                RUNOFF =           0.0000
          EXT-INFLOW =           0.0000            EXT-INFLOW =           0.0000
         EXT-OUTFLOW =           0.0000           EXT-OUTFLOW =           0.0000
             STORAGE =           0.0000               STORAGE =           0.0000

           TOTAL OUT =           0.2000             TOTAL OUT =           0.2000

            IN - OUT =           0.0000              IN - OUT =           0.0000

 PERCENT DISCREPANCY =           0.00     PERCENT DISCREPANCY =           0.00



  LAK BUDGET FOR ENTIRE MODEL AT END OF TIME STEP    1, STRESS PERIOD   1
  ------------------------------------------------------------------------------

     CUMULATIVE LAK      L**3       RATES FOR THIS TIME STEP      L**3/T
     ------------------                 ------------------------

           IN:                                      IN:
           ---                                      ---
                 GWF =           0.0000                   GWF =           0.0000
            RAINFALL =           0.0000              RAINFALL =           0.0000
         EVAPORATION =           0.0000           EVAPORATION =           0.0000
              RUNOFF =           0.0000                RUNOFF =           0.0000
          EXT-INFLOW =           0.0000            EXT-INFLOW =           0.0000
          WITHDRAWAL =           0.0000            WITHDRAWAL =           0.0000
         EXT-OUTFLOW =           0.0000           EXT-OUTFLOW =           0.0000
             STORAGE =           0.0000               STORAGE =           0.0000
            CONSTANT =           0.0000              CONSTANT =           0.0000

            TOTAL IN =           0.0000              TOTAL IN =           0.0000

          OUT:                                     OUT:
          ----                                     ----
                 GWF =           0.0000                   GWF =           0.0000
            RAINFALL =           0.0000              RAINFALL =           0.0000
         EVAPORATION =           0.0000           EVAPORATION =           0.0000
              RUNOFF =           0.0000                RUNOFF =           0.0000
          EXT-INFLOW =           0.0000            EXT-INFLOW =           0.0000
          WITHDRAWAL =           0.0000            WITHDRAWAL =           0.0000
         EXT-OUTFLOW =           0.0000           EXT-OUTFLOW =           0.0000
             STORAGE =           0.0000               STORAGE =           0.0000
            CONSTANT =           0.0000              CONSTANT =           0.0000

           TOTAL OUT =           0.0000             TOTAL OUT =           0.0000

            IN - OUT =           0.0000              IN - OUT =           0.0000

 PERCENT DISCREPANCY =           0.00     PERCENT DISCREPANCY =           0.00



  UZF BUDGET FOR ENTIRE MODEL AT END OF TIME STEP    1, STRESS PERIOD   1
  ------------------------------------------------------------------------------

     CUMULATIVE UZF      L**3       RATES FOR THIS TIME STEP      L**3/T
     ------------------                 ------------------------

           IN:                                      IN:
           ---                                      ---
                 GWF =           0.0000                   GWF =           0.0000
        INFILTRATION =          70.1037          INFILTRATION =          70.1037
             REJ-INF =           0.0000               REJ-INF =           0.0000
             STORAGE =           0.0000               STORAGE =           0.0000

            TOTAL IN =          70.1037              TOTAL IN =          70.1037

          OUT:                                     OUT:
          ----                                     ----
                 GWF =          70.1037                   GWF =          70.1037
        INFILTRATION =           0.0000          INFILTRATION =           0.0000
             REJ-INF =           0.0000               REJ-INF =           0.0000
             STORAGE =           0.0000               STORAGE =           0.0000

           TOTAL OUT =          70.1037             TOTAL OUT =          70.1037

            IN - OUT =           0.0000              IN - OUT =           0.0000

 PERCENT DISCREPANCY =           0.00     PERCENT DISCREPANCY =           0.00



  VOLUME BUDGET FOR ENTIRE MODEL AT END OF TIME STEP    1, STRESS PERIOD   1
  ---------------------------------------------------------------------------------------------------

     CUMULATIVE VOLUME      L**3       RATES FOR THIS TIME STEP      L**3/T          PACKAGE NAME    
     ------------------                 ------------------------                     ----------------

           IN:                                      IN:
           ---                                      ---
              STO-SS =           0.0000                STO-SS =           0.0000     STORAGE                          
              STO-SY =           0.0000                STO-SY =           0.0000     STORAGE                          
                 RCH =         206.1696                   RCH =         206.1696     RCH                              
                 CHD =           0.0000                   CHD =           0.0000     CHD                              
                 SFR =           0.2000                   SFR =           0.2000     SFR                              
                 LAK =           0.0000                   LAK =           0.0000     LAK                              
           UZF-GWRCH =          70.1037             UZF-GWRCH =          70.1037     UZF                              

            TOTAL IN =         276.4733              TOTAL IN =         276.4733

          OUT:                                     OUT:
          ----                                     ----
              STO-SS =           0.0000                STO-SS =           0.0000     STORAGE                          
              STO-SY =           0.0000                STO-SY =           0.0000     STORAGE                          
                 RCH =           0.0000                   RCH =           0.0000     RCH                              
                 CHD =         276.4741                   CHD =         276.4741     CHD                              
                 SFR =           0.0000                   SFR =           0.0000     SFR                              
                 LAK =           0.0000                   LAK =           0.0000     LAK                              
           UZF-GWRCH =           0.0000             UZF-GWRCH =           0.0000     UZF                              

           TOTAL OUT =         276.4741             TOTAL OUT =         276.4741

            IN - OUT =      -7.4701E-04              IN - OUT =      -7.4701E-04

 PERCENT DISCREPANCY =          -0.00     PERCENT DISCREPANCY =          -0.00




         TIME SUMMARY AT END OF TIME STEP    1 IN STRESS PERIOD    1
                    SECONDS     MINUTES      HOURS       DAYS        YEARS
                    -----------------------------------------------------------
   TIME STEP LENGTH  86400.      1440.0      24.000      1.0000     2.73785E-03
 STRESS PERIOD TIME  86400.      1440.0      24.000      1.0000     2.73785E-03
         TOTAL TIME  86400.      1440.0      24.000      1.0000     2.73785E-03


end timestep

