                                   MODFLOW 6
                U.S. GEOLOGICAL SURVEY MODULAR HYDROLOGIC MODEL
                            VERSION 6.6.2 05/12/2025

   MODFLOW 6 compiled May 24 2025 11:42:11 with Intel(R) Fortran Intel(R) 64
   Compiler Classic for applications running on Intel(R) 64, Version 2021.7.0
                             Build 20220726_000000

This software has been approved for release by the U.S. Geological 
Survey (USGS). Although the software has been subjected to rigorous 
review, the USGS reserves the right to update the software as needed 
pursuant to further analysis and review. No warranty, expressed or 
implied, is made by the USGS or the U.S. Government as to the 
functionality of the software and related material nor shall the 
fact of release constitute any such warranty. Furthermore, the 
software is released on condition that neither the USGS nor the U.S. 
Government shall be held liable for any damages resulting from its 
authorized or unauthorized use. Also refer to the USGS Water 
Resources Software User Rights Notice for complete use, copyright, 
and distribution information.


As a work of the United States Government, this USGS product is 
in the public domain within the United States. You can copy, 
modify, distribute, and perform the work, even for commercial 
purposes, all without asking permission. Additionally, USGS 
waives copyright and related rights in the work worldwide 
through CC0 1.0 Universal Public Domain Dedication 
(https://creativecommons.org/publicdomain/zero/1.0/).

The following GNU Lesser General Public License (LGPL) libraries
are used in this USGS product:

    SPARSKIT version 2.0
      ilut, luson, and qsplit 
      (https://www-users.cse.umn.edu/~saad/software/SPARSKIT/)

    RCM - Reverse Cuthill McKee Ordering
      (https://people.math.sc.edu/Burkardt/f_src/rcm/rcm.html)

    BLAS - Basic Linear Algebra Subprograms Level 1
      (https://people.math.sc.edu/Burkardt/f_src/blas1_d/blas1_d.html)

    SPARSEKIT - Sparse Matrix Utility Package
      amux, dperm, dvperm, rperm, and cperm
      (https://people.sc.fsu.edu/~jburkardt/f77_src/sparsekit/sparsekit.html)

The following BSD-3 License libraries are used in this USGS product:

    Modern Fortran DAG Library
      Copyright (c) 2018, Jacob Williams
      All rights reserved.
      (https://github.com/jacobwilliams/daglib)

MODFLOW 6 compiler options: /O2 /heap-arrays:0 /fpe:0 /traceback /nologo /fpp
/c /module:win64\mod_mf6\ /object:win64\obj_mf6\

System command used to initiate simulation:
C:\Users\lukem\Python\PATH\modflow_exe\mf6.exe

MODFLOW was compiled using uniform precision.

Real Variables
  KIND: 8
  TINY (smallest non-zero value):    2.225074-308
  HUGE (largest value):    1.797693+308
  PRECISION: 15
  SIZE IN BITS: 64

Integer Variables
  KIND: 4
  HUGE (largest value): 2147483647
  SIZE IN BITS: 32

Long Integer Variables
  KIND: 8
  HUGE (largest value): 9223372036854775807
  SIZE IN BITS: 64

Logical Variables
  KIND: 4
  SIZE IN BITS: 32
 

 OPENED mfsim.nam
 FILE TYPE:NAM6               UNIT 1001   STATUS:OLD                 
 FORMAT:FORMATTED              ACCESS:SEQUENTIAL          
 ACTION:READ                

 # File generated by Flopy version 3.9.5 on 04/25/2026 at 20:32:26.

 OPENED feat_rich_demo.tdis
 FILE TYPE:TDIS6              UNIT 1002   STATUS:OLD                 
 FORMAT:FORMATTED              ACCESS:SEQUENTIAL          
 ACTION:READ                

 # File generated by Flopy version 3.9.5 on 04/25/2026 at 20:32:26.

 OPENED feat_rich_demo.nam
 FILE TYPE:GWF6               UNIT 1003   STATUS:OLD                 
 FORMAT:FORMATTED              ACCESS:SEQUENTIAL          
 ACTION:READ                

 # File generated by Flopy version 3.9.5 on 04/25/2026 at 20:32:26.

 OPENED feat_rich_demo.disv
 FILE TYPE:DISV6              UNIT 1004   STATUS:OLD                 
 FORMAT:FORMATTED              ACCESS:SEQUENTIAL          
 ACTION:READ                

 # File generated by Flopy version 3.9.5 on 04/25/2026 at 20:32:26.

 OPENED feat_rich_demo.npf
 FILE TYPE:NPF6               UNIT 1005   STATUS:OLD                 
 FORMAT:FORMATTED              ACCESS:SEQUENTIAL          
 ACTION:READ                

 # File generated by Flopy version 3.9.5 on 04/25/2026 at 20:32:26.

 OPENED feat_rich_demo.sto
 FILE TYPE:STO6               UNIT 1006   STATUS:OLD                 
 FORMAT:FORMATTED              ACCESS:SEQUENTIAL          
 ACTION:READ                

 # File generated by Flopy version 3.9.5 on 04/25/2026 at 20:32:26.

 OPENED feat_rich_demo.ic
 FILE TYPE:IC6                UNIT 1007   STATUS:OLD                 
 FORMAT:FORMATTED              ACCESS:SEQUENTIAL          
 ACTION:READ                

 # File generated by Flopy version 3.9.5 on 04/25/2026 at 20:32:26.

 OPENED feat_rich_demo.oc
 FILE TYPE:OC6       UNIT 1008   STATUS:OLD                 
 FORMAT:FORMATTED              ACCESS:SEQUENTIAL          
 ACTION:READ                


 OPENED feat_rich_demo.drn
 FILE TYPE:DRN6               UNIT 1009   STATUS:OLD                 
 FORMAT:FORMATTED              ACCESS:SEQUENTIAL          
 ACTION:READ                

 # File generated by Flopy version 3.9.5 on 04/25/2026 at 20:32:26.

 OPENED feat_rich_demo.ghb
 FILE TYPE:GHB6               UNIT 1010   STATUS:OLD                 
 FORMAT:FORMATTED              ACCESS:SEQUENTIAL          
 ACTION:READ                

 # File generated by Flopy version 3.9.5 on 04/25/2026 at 20:32:26.

 OPENED feat_rich_demo.rch
 FILE TYPE:RCH6               UNIT 1012   STATUS:OLD                 
 FORMAT:FORMATTED              ACCESS:SEQUENTIAL          
 ACTION:READ                

 # File generated by Flopy version 3.9.5 on 04/25/2026 at 20:32:26.

 OPENED feat_rich_demo.chd
 FILE TYPE:CHD6               UNIT 1013   STATUS:OLD                 
 FORMAT:FORMATTED              ACCESS:SEQUENTIAL          
 ACTION:READ                

 # File generated by Flopy version 3.9.5 on 04/25/2026 at 20:32:26.

 OPENED feat_rich_demo.sfr
 FILE TYPE:SFR6      UNIT 1014   STATUS:OLD                 
 FORMAT:FORMATTED              ACCESS:SEQUENTIAL          
 ACTION:READ                


 OPENED feat_rich_demo.lak
 FILE TYPE:LAK6      UNIT 1015   STATUS:OLD                 
 FORMAT:FORMATTED              ACCESS:SEQUENTIAL          
 ACTION:READ                


 OPENED feat_rich_demo.uzf
 FILE TYPE:UZF6      UNIT 1016   STATUS:OLD                 
 FORMAT:FORMATTED              ACCESS:SEQUENTIAL          
 ACTION:READ                


 READING SIMULATION OPTIONS
    MAXIMUM NUMBER OF ERRORS THAT WILL BE STORED IS 1000
 END OF SIMULATION OPTIONS

 READING SIMULATION TIMING

 TDIS -- TEMPORAL DISCRETIZATION PACKAGE,
 VERSION 1 : 11/13/2014 - INPUT READ FROM MEMPATH: __INPUT__/SIM/TDIS                                
 PROCESSING TDIS OPTIONS
    SIMULATION TIME UNIT IS DAYS
 END OF TDIS OPTIONS
 PROCESSING TDIS DIMENSIONS
    2 STRESS PERIOD(S) IN SIMULATION
 END OF TDIS DIMENSIONS
 PROCESSING TDIS PERIODDATA


 STRESS PERIOD     LENGTH       TIME STEPS     MULTIPLIER FOR DELT
 ----------------------------------------------------------------------------
        1         1.000000          1                    1.000
        2         1.000000          1                    1.000
 END OF TDIS PERIODDATA
 END OF SIMULATION TIMING

 READING SIMULATION MODELS
    GWF6 model 1 will be created
 END OF SIMULATION MODELS

 READING SIMULATION EXCHANGES
 END OF SIMULATION EXCHANGES

 READING SOLUTIONGROUP

 Creating solution: SLN_1           

 OPENED feat_rich_demo.ims
 FILE TYPE:IMS   UNIT 1018   STATUS:OLD                 
 FORMAT:FORMATTED              ACCESS:SEQUENTIAL          
 ACTION:READ                

 END OF SOLUTIONGROUP

PROCESSING MODEL CONNECTIONS

 IMS -- ITERATIVE MODEL SOLUTION PACKAGE, VERSION 6, 4/28/2017
         INPUT READ FROM UNIT 1018
 # File generated by Flopy version 3.9.5 on 04/25/2026 at 20:32:26.

 PROCESSING IMS OPTIONS
 MODERATE OPTION:
 DEFAULT SOLVER INPUT VALUES REFLECT MODERATELY NONLINEAR MODEL

 OPENED ims_outer_convergence.csv
 FILE TYPE:CSV_OUTER_OUTPUT   UNIT 1031   STATUS:REPLACE             
 FORMAT:FORMATTED              ACCESS:SEQUENTIAL          
 ACTION:READWRITE           

    CSV OUTPUT WILL BE SAVED TO FILE: ims_outer_convergence.csv
    OPENED ON UNIT:    1031

 OPENED ims_inner_convergence.csv
 FILE TYPE:CSV_INNER_OUTPUT   UNIT 1032   STATUS:REPLACE             
 FORMAT:FORMATTED              ACCESS:SEQUENTIAL          
 ACTION:READWRITE           

    CSV OUTPUT WILL BE SAVED TO FILE: ims_inner_convergence.csv
    OPENED ON UNIT:    1032
 END OF IMS OPTIONS

 PROCESSING IMS NONLINEAR
 END OF IMS NONLINEAR DATA
 **UNDER-RELAXATION WILL BE USED***
 

 PROCESSING LINEAR DATA
 END OF LINEAR DATA
 ***IMS LINEAR SOLVER WILL BE USED***

 IMSLINEAR -- UNSTRUCTURED LINEAR SOLUTION PACKAGE, VERSION 8, 04/28/2017
 An asymmetric matrix will be solved

 OUTER ITERATION CONVERGENCE CRITERION    (DVCLOSE) =    0.100000E-04
 MAXIMUM NUMBER OF OUTER ITERATIONS        (MXITER) = 800
 SOLVER PRINTOUT INDEX                     (IPRIMS) = 1
 NONLINEAR ITERATION METHOD            (NONLINMETH) = 3
 LINEAR SOLUTION METHOD                   (LINMETH) = 1
 UNDER-RELAXATION WEIGHT REDUCTION FACTOR   (THETA) =    0.700000E+00
 UNDER-RELAXATION WEIGHT INCREASE INCREMENT (KAPPA) =    0.200000E+00
 UNDER-RELAXATION PREVIOUS HISTORY FACTOR   (GAMMA) =    0.000000E+00
 UNDER-RELAXATION MOMENTUM TERM         (AMOMENTUM) =    0.100000E-02
 MAXIMUM NUMBER OF BACKTRACKS            (NUMTRACK) = 50
 BACKTRACKING TOLERANCE FACTOR               (BTOL) =    0.110000E+01
 BACKTRACKING REDUCTION FACTOR             (BREDUC) =    0.200000E+00
 BACKTRACKING RESIDUAL LIMIT              (RES_LIM) =    0.100000E+02

       SOLUTION BY THE BICONJUGATE-GRADIENT STABILIZED METHOD
 ------------------------------------------------------------------
 MAXIMUM OF 800 CALLS OF SOLUTION ROUTINE
 MAXIMUM OF 300 INTERNAL ITERATIONS PER CALL TO SOLUTION ROUTINE
 LINEAR ACCELERATION METHOD            = BCGS      
 MATRIX PRECONDITIONING TYPE           = MOD. INCOMPLETE LUT 
 MATRIX SCALING APPROACH               = L2 NORM SCALING     
 MATRIX REORDERING APPROACH            = RCM ORDERING             
 NUMBER OF ORTHOGONALIZATIONS          = 0
 HEAD CHANGE CRITERION FOR CLOSURE     =    0.10000E-05
 RESIDUAL CHANGE CRITERION FOR CLOSURE =    0.10000E+00
 RESIDUAL CONVERGENCE OPTION           = 0
 RESIDUAL CONVERGENCE NORM             = INFINITY NORM   
 RELAXATION FACTOR                     =    0.97000E+00
 NUMBER OF LEVELS                      =              5
 DROP TOLERANCE                        =               


 
    Solving:  Stress period:     1    Time step:     1
 
1
 STRESS PERIOD NO. 1, LENGTH =   1.000000    
 ------------------------------------------
 NUMBER OF TIME STEPS = 1
 MULTIPLIER FOR DELT =     1.000
 INITIAL TIME STEP SIZE =   1.000000    



 PSEUDO-TRANSIENT CONTINUATION WILL BE APPLIED TO MODEL 1 ("FEAT_RICH_DEMO") DURING THIS TIME STEP

 SLN_1 OUTER ITERATION SUMMARY
 ----------------------------------------------------------------------------------------------------------------------------------------------------------------
                                OUTER      INNER  BACKTRACK  BACKTRACK        INCOMING        OUTGOING                    STEP   MAXIMUM CHANGE MODEL-(CELLID) OR
 OUTER ITERATION STEP       ITERATION  ITERATION       FLAG ITERATIONS        RESIDUAL        RESIDUAL  MAXIMUM CHANGE SUCCESS             MODEL-PACKAGE-(NUMBER)
 ----------------------------------------------------------------------------------------------------------------------------------------------------------------
 Backtracking                       1                     0          0       67.723853       67.723853                       *                                   
 Model                              1          2                                                            -2.6772224                                1_GWF-(1,3)
 Backtracking                       2                     0          0       18.538480       18.538480                       *                                   
 Model                              2          2                                                            -1.0523721                                1_GWF-(1,3)
 Backtracking                       3                     0          0       1.8578621       1.8578621                       *                                   
 Model                              3          2                                                           -0.12780320                                1_GWF-(1,3)
 Backtracking                       4                     0          0  2.31597943E-02  2.31597943E-02                       *                                   
 Model                              4          2                                                       -1.59400601E-03                                1_GWF-(1,3)
 Backtracking                       5                     0          0  3.54110909E-06  3.54110909E-06                       *                                   
 Model                              5          1                                                       -2.36359639E-07       *                        1_GWF-(1,3)
 ----------------------------------------------------------------------------------------------------------------------------------------------------------------


 5 CALLS TO NUMERICAL SOLUTION IN TIME STEP 1 STRESS PERIOD 1
 9 TOTAL ITERATIONS
 
    Solving:  Stress period:     2    Time step:     1
 
1
 STRESS PERIOD NO. 2, LENGTH =   1.000000    
 ------------------------------------------
 NUMBER OF TIME STEPS = 1
 MULTIPLIER FOR DELT =     1.000
 INITIAL TIME STEP SIZE =   1.000000    

 SLN_1 OUTER ITERATION SUMMARY
 ----------------------------------------------------------------------------------------------------------------------------------------------------------------
                                OUTER      INNER  BACKTRACK  BACKTRACK        INCOMING        OUTGOING                    STEP   MAXIMUM CHANGE MODEL-(CELLID) OR
 OUTER ITERATION STEP       ITERATION  ITERATION       FLAG ITERATIONS        RESIDUAL        RESIDUAL  MAXIMUM CHANGE SUCCESS             MODEL-PACKAGE-(NUMBER)
 ----------------------------------------------------------------------------------------------------------------------------------------------------------------
 Backtracking                       1                     0          0       4.2511336       4.2511336                       *                                   
 Model                              1          2                                                           -0.18232677                                1_GWF-(1,1)
 Backtracking                       2                     0          0  3.05095484E-02  3.05095484E-02                       *                                   
 Model                              2          2                                                       -1.54325967E-03                                1_GWF-(1,1)
 Backtracking                       3                     0          0  2.16365096E-04  2.16365096E-04                       *                                   
 Model                              3          2                                                       -1.34339272E-05                                1_GWF-(1,3)
 Backtracking                       4                     0          0  1.40763562E-06  1.40763562E-06                       *                                   
 Model                              4          1                                                       -1.21974010E-07       *                        1_GWF-(1,3)
 ----------------------------------------------------------------------------------------------------------------------------------------------------------------


 4 CALLS TO NUMERICAL SOLUTION IN TIME STEP 1 STRESS PERIOD 2
 7 TOTAL ITERATIONS

 MEMORY MANAGER TOTAL STORAGE BY DATA TYPE, IN MEGABYTES
 -------------------------------
                    ALLOCATED   
 DATA TYPE           MEMORY     
 -------------------------------
 Character        1.38290000E-02
 Logical          4.80000000E-05
 Integer          2.8939200     
 Real             3.9164400     
 -------------------------------
 Total            6.8242370     
 Virtual          0.0000000     
 -------------------------------


 
 Run end date and time (yyyy/mm/dd hh:mm:ss): 2026/04/25 20:32:27
 Elapsed run time:  0.472 Seconds
 Normal termination of simulation.
