[
	{
		"Program Information" : 
		{
			"Developer" : "S.S. Papadopulos & Assoc. Inc.",
			"Title" : "writeP3DGSF",
			"Version" : 
			{
				"Date" : "10/2022",
				"Number" : "2.1.7"
			}
		}
	},
	{
		"Timing" : 
		{
			"Elapsed" : 
			{
				"minutes" : 6.13609583e-002,
				"seconds" : 3.68165750e+000
			},
			"Finished" : "Thu Jun 26 09:56:07 2025\n",
			"Started" : "Thu Jun 26 09:56:03 2025\n"
		}
	},
	{
		"Transformation" : 
		{
			"rot" : 0.00000000e+000,
			"xoff" : 0.00000000e+000,
			"yoff" : 0.00000000e+000
		}
	},
	{
		"Flow Model" : 
		{
			"GRB file" : "cum8cNoET.disv.grb",
			"GSF" : 
			[
				{
					"NVERT" : 82608
				}
			],
			"Grid" : 
			{
				"Last node-number in layer" : [              38141 ],
				"Number of layers" : 1,
				"Number of nodes" : 38141,
				"Type" : "Unstructured"
			},
			"Model type" : "USGS Hydrologic Framework",
			"Note(s)" : 
			[
				"Successfully read USGS Framework files.",
				"Successfully copied necessary MODFLOW values/arrays."
			]
		}
	},
	{
		"Warning(s)" : null
	},
	{
		"Error(s)" : null
	}
]
