                                   MODFLOW 6
                U.S. GEOLOGICAL SURVEY MODULAR HYDROLOGIC MODEL
                            VERSION 6.6.2 05/12/2025

   MODFLOW 6 compiled May 24 2025 11:42:11 with Intel(R) Fortran Intel(R) 64
   Compiler Classic for applications running on Intel(R) 64, Version 2021.7.0
                             Build 20220726_000000

This software has been approved for release by the U.S. Geological 
Survey (USGS). Although the software has been subjected to rigorous 
review, the USGS reserves the right to update the software as needed 
pursuant to further analysis and review. No warranty, expressed or 
implied, is made by the USGS or the U.S. Government as to the 
functionality of the software and related material nor shall the 
fact of release constitute any such warranty. Furthermore, the 
software is released on condition that neither the USGS nor the U.S. 
Government shall be held liable for any damages resulting from its 
authorized or unauthorized use. Also refer to the USGS Water 
Resources Software User Rights Notice for complete use, copyright, 
and distribution information.


As a work of the United States Government, this USGS product is 
in the public domain within the United States. You can copy, 
modify, distribute, and perform the work, even for commercial 
purposes, all without asking permission. Additionally, USGS 
waives copyright and related rights in the work worldwide 
through CC0 1.0 Universal Public Domain Dedication 
(https://creativecommons.org/publicdomain/zero/1.0/).

The following GNU Lesser General Public License (LGPL) libraries
are used in this USGS product:

    SPARSKIT version 2.0
      ilut, luson, and qsplit 
      (https://www-users.cse.umn.edu/~saad/software/SPARSKIT/)

    RCM - Reverse Cuthill McKee Ordering
      (https://people.math.sc.edu/Burkardt/f_src/rcm/rcm.html)

    BLAS - Basic Linear Algebra Subprograms Level 1
      (https://people.math.sc.edu/Burkardt/f_src/blas1_d/blas1_d.html)

    SPARSEKIT - Sparse Matrix Utility Package
      amux, dperm, dvperm, rperm, and cperm
      (https://people.sc.fsu.edu/~jburkardt/f77_src/sparsekit/sparsekit.html)

The following BSD-3 License libraries are used in this USGS product:

    Modern Fortran DAG Library
      Copyright (c) 2018, Jacob Williams
      All rights reserved.
      (https://github.com/jacobwilliams/daglib)

MODFLOW 6 compiler options: /O2 /heap-arrays:0 /fpe:0 /traceback /nologo /fpp
/c /module:win64\mod_mf6\ /object:win64\obj_mf6\

System command used to initiate simulation:
C:\Users\lukem\Python\PATH\modflow_exe\mf6.exe

MODFLOW was compiled using uniform precision.

Real Variables
  KIND: 8
  TINY (smallest non-zero value):    2.225074-308
  HUGE (largest value):    1.797693+308
  PRECISION: 15
  SIZE IN BITS: 64

Integer Variables
  KIND: 4
  HUGE (largest value): 2147483647
  SIZE IN BITS: 32

Long Integer Variables
  KIND: 8
  HUGE (largest value): 9223372036854775807
  SIZE IN BITS: 64

Logical Variables
  KIND: 4
  SIZE IN BITS: 32
 

 OPENED mfsim.nam
 FILE TYPE:NAM6               UNIT 1001   STATUS:OLD                 
 FORMAT:FORMATTED              ACCESS:SEQUENTIAL          
 ACTION:READ                

 # File generated by Flopy version 3.9.5 on 04/30/2026 at 09:53:39.

 OPENED refined_e2e.tdis
 FILE TYPE:TDIS6              UNIT 1002   STATUS:OLD                 
 FORMAT:FORMATTED              ACCESS:SEQUENTIAL          
 ACTION:READ                

 # File generated by Flopy version 3.9.5 on 04/30/2026 at 09:53:39.

 OPENED refined_e2e.nam
 FILE TYPE:GWF6               UNIT 1003   STATUS:OLD                 
 FORMAT:FORMATTED              ACCESS:SEQUENTIAL          
 ACTION:READ                

 # File generated by Flopy version 3.9.5 on 04/30/2026 at 09:53:39.

 OPENED refined_e2e.disv
 FILE TYPE:DISV6              UNIT 1004   STATUS:OLD                 
 FORMAT:FORMATTED              ACCESS:SEQUENTIAL          
 ACTION:READ                

 # File generated by Flopy version 3.9.5 on 04/30/2026 at 09:53:39.

 OPENED refined_e2e.npf
 FILE TYPE:NPF6               UNIT 1005   STATUS:OLD                 
 FORMAT:FORMATTED              ACCESS:SEQUENTIAL          
 ACTION:READ                

 # File generated by Flopy version 3.9.5 on 04/30/2026 at 09:53:39.

 OPENED refined_e2e.sto
 FILE TYPE:STO6               UNIT 1006   STATUS:OLD                 
 FORMAT:FORMATTED              ACCESS:SEQUENTIAL          
 ACTION:READ                

 # File generated by Flopy version 3.9.5 on 04/30/2026 at 09:53:39.

 OPENED refined_e2e.ic
 FILE TYPE:IC6                UNIT 1007   STATUS:OLD                 
 FORMAT:FORMATTED              ACCESS:SEQUENTIAL          
 ACTION:READ                

 # File generated by Flopy version 3.9.5 on 04/30/2026 at 09:53:39.

 OPENED refined_e2e.mvr
 FILE TYPE:MVR6      UNIT 1008   STATUS:OLD                 
 FORMAT:FORMATTED              ACCESS:SEQUENTIAL          
 ACTION:READ                


 OPENED refined_e2e.oc
 FILE TYPE:OC6       UNIT 1009   STATUS:OLD                 
 FORMAT:FORMATTED              ACCESS:SEQUENTIAL          
 ACTION:READ                


 OPENED refined_e2e.drn
 FILE TYPE:DRN6               UNIT 1010   STATUS:OLD                 
 FORMAT:FORMATTED              ACCESS:SEQUENTIAL          
 ACTION:READ                

 # File generated by Flopy version 3.9.5 on 04/30/2026 at 09:53:39.

 OPENED refined_e2e.ghb
 FILE TYPE:GHB6               UNIT 1011   STATUS:OLD                 
 FORMAT:FORMATTED              ACCESS:SEQUENTIAL          
 ACTION:READ                

 # File generated by Flopy version 3.9.5 on 04/30/2026 at 09:53:39.

 OPENED refined_e2e.rch
 FILE TYPE:RCH6               UNIT 1013   STATUS:OLD                 
 FORMAT:FORMATTED              ACCESS:SEQUENTIAL          
 ACTION:READ                

 # File generated by Flopy version 3.9.5 on 04/30/2026 at 09:53:39.

 OPENED refined_e2e.chd
 FILE TYPE:CHD6               UNIT 1014   STATUS:OLD                 
 FORMAT:FORMATTED              ACCESS:SEQUENTIAL          
 ACTION:READ                

 # File generated by Flopy version 3.9.5 on 04/30/2026 at 09:53:39.

 OPENED refined_e2e.sfr
 FILE TYPE:SFR6      UNIT 1015   STATUS:OLD                 
 FORMAT:FORMATTED              ACCESS:SEQUENTIAL          
 ACTION:READ                


 OPENED refined_e2e.lak
 FILE TYPE:LAK6      UNIT 1016   STATUS:OLD                 
 FORMAT:FORMATTED              ACCESS:SEQUENTIAL          
 ACTION:READ                


 OPENED refined_e2e.uzf
 FILE TYPE:UZF6      UNIT 1017   STATUS:OLD                 
 FORMAT:FORMATTED              ACCESS:SEQUENTIAL          
 ACTION:READ                


 READING SIMULATION OPTIONS
    MAXIMUM NUMBER OF ERRORS THAT WILL BE STORED IS 1000
 END OF SIMULATION OPTIONS

 READING SIMULATION TIMING

 TDIS -- TEMPORAL DISCRETIZATION PACKAGE,
 VERSION 1 : 11/13/2014 - INPUT READ FROM MEMPATH: __INPUT__/SIM/TDIS                                
 PROCESSING TDIS OPTIONS
    SIMULATION TIME UNIT IS DAYS
 END OF TDIS OPTIONS
 PROCESSING TDIS DIMENSIONS
    2 STRESS PERIOD(S) IN SIMULATION
 END OF TDIS DIMENSIONS
 PROCESSING TDIS PERIODDATA


 STRESS PERIOD     LENGTH       TIME STEPS     MULTIPLIER FOR DELT
 ----------------------------------------------------------------------------
        1         1.000000          1                    1.000
        2         1.000000          1                    1.000
 END OF TDIS PERIODDATA
 END OF SIMULATION TIMING

 READING SIMULATION MODELS
    GWF6 model 1 will be created
 END OF SIMULATION MODELS

 READING SIMULATION EXCHANGES
 END OF SIMULATION EXCHANGES

 READING SOLUTIONGROUP

 Creating solution: SLN_1           

 OPENED refined_e2e.ims
 FILE TYPE:IMS   UNIT 1019   STATUS:OLD                 
 FORMAT:FORMATTED              ACCESS:SEQUENTIAL          
 ACTION:READ                

 END OF SOLUTIONGROUP

PROCESSING MODEL CONNECTIONS

 IMS -- ITERATIVE MODEL SOLUTION PACKAGE, VERSION 6, 4/28/2017
         INPUT READ FROM UNIT 1019
 # File generated by Flopy version 3.9.5 on 04/30/2026 at 09:53:39.

 PROCESSING IMS OPTIONS
 MODERATE OPTION:
 DEFAULT SOLVER INPUT VALUES REFLECT MODERATELY NONLINEAR MODEL

 OPENED ims_outer_convergence.csv
 FILE TYPE:CSV_OUTER_OUTPUT   UNIT 1034   STATUS:REPLACE             
 FORMAT:FORMATTED              ACCESS:SEQUENTIAL          
 ACTION:READWRITE           

    CSV OUTPUT WILL BE SAVED TO FILE: ims_outer_convergence.csv
    OPENED ON UNIT:    1034

 OPENED ims_inner_convergence.csv
 FILE TYPE:CSV_INNER_OUTPUT   UNIT 1035   STATUS:REPLACE             
 FORMAT:FORMATTED              ACCESS:SEQUENTIAL          
 ACTION:READWRITE           

    CSV OUTPUT WILL BE SAVED TO FILE: ims_inner_convergence.csv
    OPENED ON UNIT:    1035
 END OF IMS OPTIONS

 PROCESSING IMS NONLINEAR
 END OF IMS NONLINEAR DATA
 **UNDER-RELAXATION WILL BE USED***
 

 PROCESSING LINEAR DATA
 END OF LINEAR DATA
 ***IMS LINEAR SOLVER WILL BE USED***

 IMSLINEAR -- UNSTRUCTURED LINEAR SOLUTION PACKAGE, VERSION 8, 04/28/2017
 An asymmetric matrix will be solved

 OUTER ITERATION CONVERGENCE CRITERION    (DVCLOSE) =    0.100000E-04
 MAXIMUM NUMBER OF OUTER ITERATIONS        (MXITER) = 800
 SOLVER PRINTOUT INDEX                     (IPRIMS) = 1
 NONLINEAR ITERATION METHOD            (NONLINMETH) = 3
 LINEAR SOLUTION METHOD                   (LINMETH) = 1
 UNDER-RELAXATION WEIGHT REDUCTION FACTOR   (THETA) =    0.700000E+00
 UNDER-RELAXATION WEIGHT INCREASE INCREMENT (KAPPA) =    0.200000E+00
 UNDER-RELAXATION PREVIOUS HISTORY FACTOR   (GAMMA) =    0.000000E+00
 UNDER-RELAXATION MOMENTUM TERM         (AMOMENTUM) =    0.100000E-02
 MAXIMUM NUMBER OF BACKTRACKS            (NUMTRACK) = 50
 BACKTRACKING TOLERANCE FACTOR               (BTOL) =    0.110000E+01
 BACKTRACKING REDUCTION FACTOR             (BREDUC) =    0.200000E+00
 BACKTRACKING RESIDUAL LIMIT              (RES_LIM) =    0.100000E+02

       SOLUTION BY THE BICONJUGATE-GRADIENT STABILIZED METHOD
 ------------------------------------------------------------------
 MAXIMUM OF 800 CALLS OF SOLUTION ROUTINE
 MAXIMUM OF 300 INTERNAL ITERATIONS PER CALL TO SOLUTION ROUTINE
 LINEAR ACCELERATION METHOD            = BCGS      
 MATRIX PRECONDITIONING TYPE           = MOD. INCOMPLETE LUT 
 MATRIX SCALING APPROACH               = L2 NORM SCALING     
 MATRIX REORDERING APPROACH            = RCM ORDERING             
 NUMBER OF ORTHOGONALIZATIONS          = 0
 HEAD CHANGE CRITERION FOR CLOSURE     =    0.10000E-05
 RESIDUAL CHANGE CRITERION FOR CLOSURE =    0.10000E+00
 RESIDUAL CONVERGENCE OPTION           = 0
 RESIDUAL CONVERGENCE NORM             = INFINITY NORM   
 RELAXATION FACTOR                     =    0.97000E+00
 NUMBER OF LEVELS                      =              5
 DROP TOLERANCE                        =               


 
    Solving:  Stress period:     1    Time step:     1
 
1
 STRESS PERIOD NO. 1, LENGTH =   1.000000    
 ------------------------------------------
 NUMBER OF TIME STEPS = 1
 MULTIPLIER FOR DELT =     1.000
 INITIAL TIME STEP SIZE =   1.000000    



 PSEUDO-TRANSIENT CONTINUATION WILL BE APPLIED TO MODEL 1 ("REFINED_E2E") DURING THIS TIME STEP

 SLN_1 OUTER ITERATION SUMMARY
 ----------------------------------------------------------------------------------------------------------------------------------------------------------------
                                OUTER      INNER  BACKTRACK  BACKTRACK        INCOMING        OUTGOING                    STEP   MAXIMUM CHANGE MODEL-(CELLID) OR
 OUTER ITERATION STEP       ITERATION  ITERATION       FLAG ITERATIONS        RESIDUAL        RESIDUAL  MAXIMUM CHANGE SUCCESS             MODEL-PACKAGE-(NUMBER)
 ----------------------------------------------------------------------------------------------------------------------------------------------------------------
 Backtracking                       1                     0          0       32720.138       32720.138                       *                                   
 Model                              1         66                                                             15.730184                                1_GWF-(1,4)
 Backtracking                       2                     0          0       1648.5667       1648.5667                       *                                   
 Model                              2         71                                                             10.826844                             1_GWF-(1,3373)
 Backtracking                       3                     1          2       15072.104       1687.1143                                                           
 Model                              3         67                                                             10.247210                             1_GWF-(1,3373)
 Backtracking                       4                     1          2       4802.6365       1691.6275                                                           
 Model                              4         75                                                             9.7440668                             1_GWF-(1,3373)
 Backtracking                       5                     0          0       301.67995       301.67995                       *                                   
 Model                              5         44                                                           -0.48447821                             1_GWF-(1,2615)
 Backtracking                       6                     0          0       109.39023       109.39023                       *                                   
 Model                              6         57                                                           -0.14786314                             1_GWF-(1,2615)
 Backtracking                       7                     0          0       18.104166       18.104166                       *                                   
 Model                              7         54                                                       -1.51847574E-02                             1_GWF-(1,2615)
 Backtracking                       8                     0          0       3.3792074       3.3792074                       *                                   
 Model                              8         20                                                       -3.80696251E-04                             1_GWF-(1,1464)
 Backtracking                       9                     0          0      0.24230042      0.24230042                       *                                   
 Model                              9         17                                                       -9.15093513E-05                             1_GWF-(1,3544)
 Backtracking                      10                     1          1      0.48740606      0.15079817                                                           
 Model                             10         13                                                       -7.94347944E-05                             1_GWF-(1,3544)
 Backtracking                      11                     1          1      0.29759661      0.12378184                                                           
 Model                             11         13                                                       -7.76805170E-05                             1_GWF-(1,3544)
 Backtracking                      12                     0          0      0.11352972      0.11352972                       *                                   
 Model                             12          2                                                       -4.87636420E-06       *                     1_GWF-(1,4775)
 Package                           12                                                                   1.59385953E-05                        1_GWF-LAK-(1)-stage
 Backtracking                      13                     0          0  1.56019607E-02  1.56019607E-02                       *                                   
 Model                             13          1                                                        6.01138225E-07       *                     1_GWF-(1,2889)
 Package                           13                                                                   1.56066690E-07       *                1_GWF-LAK-(1)-stage
 ----------------------------------------------------------------------------------------------------------------------------------------------------------------


 13 CALLS TO NUMERICAL SOLUTION IN TIME STEP 1 STRESS PERIOD 1
 500 TOTAL ITERATIONS
 
    Solving:  Stress period:     2    Time step:     1
 
1
 STRESS PERIOD NO. 2, LENGTH =   1.000000    
 ------------------------------------------
 NUMBER OF TIME STEPS = 1
 MULTIPLIER FOR DELT =     1.000
 INITIAL TIME STEP SIZE =   1.000000    

 SLN_1 OUTER ITERATION SUMMARY
 ----------------------------------------------------------------------------------------------------------------------------------------------------------------
                                OUTER      INNER  BACKTRACK  BACKTRACK        INCOMING        OUTGOING                    STEP   MAXIMUM CHANGE MODEL-(CELLID) OR
 OUTER ITERATION STEP       ITERATION  ITERATION       FLAG ITERATIONS        RESIDUAL        RESIDUAL  MAXIMUM CHANGE SUCCESS             MODEL-PACKAGE-(NUMBER)
 ----------------------------------------------------------------------------------------------------------------------------------------------------------------
 Backtracking                       1                     0          0       1030.9883       1030.9883                       *                                   
 Model                              1         28                                                       -5.17240451E-02                                1_GWF-(1,1)
 Backtracking                       2                     0          0       482.30121       482.30121                       *                                   
 Model                              2         28                                                        7.28992263E-03                             1_GWF-(1,3211)
 Backtracking                       3                     0          0       228.22676       228.22676                       *                                   
 Model                              3         26                                                        3.51887381E-03                             1_GWF-(1,3211)
 Backtracking                       4                     0          0       109.01165       109.01165                       *                                   
 Model                              4         23                                                        1.75353054E-03                             1_GWF-(1,2299)
 Backtracking                       5                     0          0       52.793801       52.793801                       *                                   
 Model                              5         21                                                        8.19166680E-04                             1_GWF-(1,2813)
 Backtracking                       6                     0          0       26.168606       26.168606                       *                                   
 Model                              6         20                                                        3.94675062E-04                             1_GWF-(1,2821)
 Backtracking                       7                     0          0       13.564118       13.564118                       *                                   
 Model                              7         19                                                        1.90121666E-04                             1_GWF-(1,3345)
 Backtracking                       8                     0          0       7.5909876       7.5909876                       *                                   
 Model                              8         19                                                        9.15925193E-05                             1_GWF-(1,3345)
 Backtracking                       9                     0          0       4.7611349       4.7611349                       *                                   
 Model                              9         15                                                        4.41127504E-05                             1_GWF-(1,3345)
 Backtracking                      10                     0          0       3.4225893       3.4225893                       *                                   
 Model                             10         12                                                        2.12460647E-05                             1_GWF-(1,4851)
 Backtracking                      11                     0          0       2.7904893       2.7904893                       *                                   
 Model                             11         13                                                        1.66120687E-05                             1_GWF-(1,3544)
 Backtracking                      12                     0          0       2.4920595       2.4920595                       *                                   
 Model                             12          3                                                        4.92584313E-06       *                     1_GWF-(1,4851)
 Package                           12                                                                  -3.84206812E-10       *             1_GWF-LAK-(1)-qfrommvr
 ----------------------------------------------------------------------------------------------------------------------------------------------------------------


 12 CALLS TO NUMERICAL SOLUTION IN TIME STEP 1 STRESS PERIOD 2
 227 TOTAL ITERATIONS

 MEMORY MANAGER TOTAL STORAGE BY DATA TYPE, IN MEGABYTES
 -------------------------------
                    ALLOCATED   
 DATA TYPE           MEMORY     
 -------------------------------
 Character        1.40050000E-02
 Logical          4.80000000E-05
 Integer          5.2594880     
 Real             90.236760     
 -------------------------------
 Total            95.510301     
 Virtual          0.0000000     
 -------------------------------


 
 Run end date and time (yyyy/mm/dd hh:mm:ss): 2026/04/30  9:53:41
 Elapsed run time:  1.245 Seconds
 Normal termination of simulation.
